==========================================
SLURM_JOB_ID = 916173
SLURM_NODELIST = gpu39
==========================================
[2026-09-27 08:12:56] job 916173 on gpu39 partition=amd_a100nv_8 GPU=2 tasks=2 commit=ddb96ea python=/home01/r984a02/.conda/envs/phdq_bart/bin/python3
index, name, memory.total [MiB], driver_version
0, NVIDIA A100-SXM4-80GB, 81920 MiB, 580.105.08
1, NVIDIA A100-SXM4-80GB, 81920 MiB, 580.105.08
[rank: 0] Seed set to 0
[rank: 1] Seed set to 0
[2026-09-27 08:14:11] 데이터 인코딩 3.2s: train 19898 val 4264 test 4265
Initializing distributed: GLOBAL_RANK: 1, MEMBER: 2/2
[2026-09-27 08:14:30] 누설 검사: ok=True {'first': {'pos': 26, 'max_diff_before_pos': 0.0, 'max_diff_at_pos': 21.307254791259766, 'ok': True}, 'middle': {'pos': 29, 'max_diff_before_pos': 0.0, 'max_diff_at_pos': 14.940953254699707, 'ok': True}, 'loss_tokens_example0': 7, 'loss_starts_after_prompt': True, 'ok': True}
Using bfloat16 Automatic Mixed Precision (AMP)
GPU available: True (cuda), used: True
TPU available: False, using: 0 TPU cores
💡 Tip: For seamless cloud logging and experiment tracking, try installing [litlogger](https://pypi.org/project/litlogger/) to enable LitLogger, which logs metrics and artifacts automatically to the Lightning Experiments platform.
[2026-09-27 08:14:30] 학습 시작 run_dir=/scratch/r984a02/phdq_bart/26-13_PHDQ_BART/neuron_outputs/kanana-1.5-2.1b/korean_learner/lr3e-5_seed0 accum=2 resume=None
Initializing distributed: GLOBAL_RANK: 0, MEMBER: 1/2
----------------------------------------------------------------------------------------------------
distributed_backend=nccl
All distributed processes registered. Starting with 2 processes
----------------------------------------------------------------------------------------------------

LOCAL_RANK: 0 - CUDA_VISIBLE_DEVICES: [0,1]
LOCAL_RANK: 1 - CUDA_VISIBLE_DEVICES: [0,1]
Loading `train_dataloader` to estimate number of stepping batches.
/home01/r984a02/.conda/envs/phdq_bart/lib/python3.12/site-packages/pytorch_lightning/utilities/_pytree.py:21: `isinstance(treespec, LeafSpec)` is deprecated, use `isinstance(treespec, TreeSpec) and treespec.is_leaf()` instead.
/home01/r984a02/.conda/envs/phdq_bart/lib/python3.12/site-packages/pytorch_lightning/utilities/_pytree.py:21: `isinstance(treespec, LeafSpec)` is deprecated, use `isinstance(treespec, TreeSpec) and treespec.is_leaf()` instead.
SLURM auto-requeueing enabled. Setting signal handlers.
SLURM auto-requeueing enabled. Setting signal handlers.
/home01/r984a02/.conda/envs/phdq_bart/lib/python3.12/site-packages/pytorch_lightning/loops/fit_loop.py:538: Found 423 module(s) in eval mode at the start of training. This may lead to unexpected behavior during training. If this is intentional, you can ignore this warning.
[2026-09-27 08:14:39] 학습 모드 검사: {'time_kst': '2026-09-27 08:14:39', 'epoch': 0, 'model.training': True, 'dropout_modules_p>0': 0, 'dropout_modules_p>0_training': 0, 'ok': True}
/home01/r984a02/.conda/envs/phdq_bart/lib/python3.12/site-packages/torch/autograd/graph.py:869: UserWarning: The AccumulateGrad node's stream does not match the stream of the node that produced the incoming gradient. This may incur unnecessary synchronization and break CUDA graph capture if the AccumulateGrad node's stream is the default stream. This mismatch is caused by an AccumulateGrad node created prior to the current iteration being kept alive. This can happen if the autograd graph is still being kept alive by tensors such as the loss, or if you are using DDP, which will stash a reference to the node. To resolve the mismatch, delete all references to the autograd graph or ensure that DDP initialization is performed under the same stream as subsequent forwards. If the mismatch is intentional, you can use torch.autograd.graph.set_warn_on_accumulate_grad_stream_mismatch(False) to suppress this warning. (Triggered internally at /pytorch/torch/csrc/autograd/input_buffer.cpp:240.)
  return Variable._execution_engine.run_backward(  # Calls into the C++ engine to run the backward pass
/home01/r984a02/.conda/envs/phdq_bart/lib/python3.12/site-packages/torch/autograd/graph.py:869: UserWarning: The AccumulateGrad node's stream does not match the stream of the node that produced the incoming gradient. This may incur unnecessary synchronization and break CUDA graph capture if the AccumulateGrad node's stream is the default stream. This mismatch is caused by an AccumulateGrad node created prior to the current iteration being kept alive. This can happen if the autograd graph is still being kept alive by tensors such as the loss, or if you are using DDP, which will stash a reference to the node. To resolve the mismatch, delete all references to the autograd graph or ensure that DDP initialization is performed under the same stream as subsequent forwards. If the mismatch is intentional, you can use torch.autograd.graph.set_warn_on_accumulate_grad_stream_mismatch(False) to suppress this warning. (Triggered internally at /pytorch/torch/csrc/autograd/input_buffer.cpp:240.)
  return Variable._execution_engine.run_backward(  # Calls into the C++ engine to run the backward pass
[2026-09-27 08:14:45] epoch 0 step 1 batch 2/622 loss 1.9692 lr 9.646e-08
[2026-09-27 08:15:54] epoch 0 step 100 batch 200/622 loss 0.3071 lr 9.646e-06
[2026-09-27 08:17:04] epoch 0 step 200 batch 400/622 loss 0.3539 lr 1.929e-05
[2026-09-27 08:18:12] epoch 0 step 300 batch 600/622 loss 0.3720 lr 2.894e-05
[2026-09-27 08:20:36] EPOCH 0 val_loss 0.3642 val_GLEU 51.63 (best 51.63 @ 0, es_ref 51.63 wait 0) train 3.7m val 2.3m mem [68.33, 65.26]GB stop=job_split
[2026-09-27 08:22:01] 학습 종료: {'best_gleu': 51.6317, 'best_epoch': 0, 'es_ref': 51.6317, 'es_ref_epoch': 0, 'wait': 0, 'stop_reason': None, 'epochs_done': 1}
[2026-09-27 08:22:01] 작업 분할로 중단: 다음 작업에서 --resume으로 이어서 실행
batch script for job 916173 written to /scratch/r984a02/phdq_bart/26-13_PHDQ_BART/neuron_outputs/kanana-1.5-2.1b/korean_learner/lr3e-5_seed0/slurm/job_916173.sbatch
== 작업 종료: /scratch/r984a02/phdq_bart/26-13_PHDQ_BART/neuron_outputs/kanana-1.5-2.1b/korean_learner/lr3e-5_seed0 (train_state.json의 stop_reason이 비어 있으면 RESUME=1로 이어서 제출)
