==========================================
SLURM_JOB_ID = 916206
SLURM_NODELIST = gpu39
==========================================
[2026-09-27 12:50:48] job 916206 on gpu39 partition=amd_a100nv_8 GPU=2 tasks=2 commit=5651329 python=/home01/r984a02/.conda/envs/phdq_bart/bin/python3
index, name, memory.total [MiB], driver_version
0, NVIDIA A100-SXM4-80GB, 81920 MiB, 580.105.08
1, NVIDIA A100-SXM4-80GB, 81920 MiB, 580.105.08
[rank: 0] Seed set to 0
[rank: 1] Seed set to 0
[2026-09-27 12:51:58] 데이터 인코딩 3.2s: train 19898 val 4264 test 4265
Initializing distributed: GLOBAL_RANK: 1, MEMBER: 2/2
[2026-09-27 12:52:13] 누설 검사: ok=True {'first': {'pos': 26, 'max_diff_before_pos': 0.0, 'max_diff_at_pos': 21.307254791259766, 'ok': True}, 'middle': {'pos': 29, 'max_diff_before_pos': 0.0, 'max_diff_at_pos': 14.940953254699707, 'ok': True}, 'loss_tokens_example0': 7, 'loss_starts_after_prompt': True, 'ok': True}
Using bfloat16 Automatic Mixed Precision (AMP)
GPU available: True (cuda), used: True
TPU available: False, using: 0 TPU cores
💡 Tip: For seamless cloud logging and experiment tracking, try installing [litlogger](https://pypi.org/project/litlogger/) to enable LitLogger, which logs metrics and artifacts automatically to the Lightning Experiments platform.
[2026-09-27 12:52:13] 학습 시작 run_dir=/scratch/r984a02/phdq_bart/26-13_PHDQ_BART/neuron_outputs/kanana-1.5-2.1b/korean_learner/lr5e-5_seed0 accum=2 resume=/scratch/r984a02/phdq_bart/26-13_PHDQ_BART/neuron_outputs/kanana-1.5-2.1b/korean_learner/lr5e-5_seed0/ckpt/last.ckpt
Initializing distributed: GLOBAL_RANK: 0, MEMBER: 1/2
----------------------------------------------------------------------------------------------------
distributed_backend=nccl
All distributed processes registered. Starting with 2 processes
----------------------------------------------------------------------------------------------------

Restoring states from the checkpoint path at /scratch/r984a02/phdq_bart/26-13_PHDQ_BART/neuron_outputs/kanana-1.5-2.1b/korean_learner/lr5e-5_seed0/ckpt/last.ckpt
LOCAL_RANK: 1 - CUDA_VISIBLE_DEVICES: [0,1]
LOCAL_RANK: 0 - CUDA_VISIBLE_DEVICES: [0,1]
Loading `train_dataloader` to estimate number of stepping batches.
/home01/r984a02/.conda/envs/phdq_bart/lib/python3.12/site-packages/pytorch_lightning/utilities/_pytree.py:21: `isinstance(treespec, LeafSpec)` is deprecated, use `isinstance(treespec, TreeSpec) and treespec.is_leaf()` instead.
/home01/r984a02/.conda/envs/phdq_bart/lib/python3.12/site-packages/pytorch_lightning/utilities/_pytree.py:21: `isinstance(treespec, LeafSpec)` is deprecated, use `isinstance(treespec, TreeSpec) and treespec.is_leaf()` instead.
Restored all states from the checkpoint at /scratch/r984a02/phdq_bart/26-13_PHDQ_BART/neuron_outputs/kanana-1.5-2.1b/korean_learner/lr5e-5_seed0/ckpt/last.ckpt
SLURM auto-requeueing enabled. Setting signal handlers.
SLURM auto-requeueing enabled. Setting signal handlers.
/home01/r984a02/.conda/envs/phdq_bart/lib/python3.12/site-packages/pytorch_lightning/loops/fit_loop.py:538: Found 423 module(s) in eval mode at the start of training. This may lead to unexpected behavior during training. If this is intentional, you can ignore this warning.
[2026-09-27 12:52:37] 학습 모드 검사: {'time_kst': '2026-09-27 12:52:37', 'epoch': 1, 'model.training': True, 'dropout_modules_p>0': 0, 'dropout_modules_p>0_training': 0, 'ok': True}
/home01/r984a02/.conda/envs/phdq_bart/lib/python3.12/site-packages/torch/autograd/graph.py:869: UserWarning: The AccumulateGrad node's stream does not match the stream of the node that produced the incoming gradient. This may incur unnecessary synchronization and break CUDA graph capture if the AccumulateGrad node's stream is the default stream. This mismatch is caused by an AccumulateGrad node created prior to the current iteration being kept alive. This can happen if the autograd graph is still being kept alive by tensors such as the loss, or if you are using DDP, which will stash a reference to the node. To resolve the mismatch, delete all references to the autograd graph or ensure that DDP initialization is performed under the same stream as subsequent forwards. If the mismatch is intentional, you can use torch.autograd.graph.set_warn_on_accumulate_grad_stream_mismatch(False) to suppress this warning. (Triggered internally at /pytorch/torch/csrc/autograd/input_buffer.cpp:240.)
  return Variable._execution_engine.run_backward(  # Calls into the C++ engine to run the backward pass
/home01/r984a02/.conda/envs/phdq_bart/lib/python3.12/site-packages/torch/autograd/graph.py:869: UserWarning: The AccumulateGrad node's stream does not match the stream of the node that produced the incoming gradient. This may incur unnecessary synchronization and break CUDA graph capture if the AccumulateGrad node's stream is the default stream. This mismatch is caused by an AccumulateGrad node created prior to the current iteration being kept alive. This can happen if the autograd graph is still being kept alive by tensors such as the loss, or if you are using DDP, which will stash a reference to the node. To resolve the mismatch, delete all references to the autograd graph or ensure that DDP initialization is performed under the same stream as subsequent forwards. If the mismatch is intentional, you can use torch.autograd.graph.set_warn_on_accumulate_grad_stream_mismatch(False) to suppress this warning. (Triggered internally at /pytorch/torch/csrc/autograd/input_buffer.cpp:240.)
  return Variable._execution_engine.run_backward(  # Calls into the C++ engine to run the backward pass
[2026-09-27 12:53:41] epoch 1 step 400 batch 178/622 loss 0.3467 lr 4.988e-05
[2026-09-27 12:54:51] epoch 1 step 500 batch 378/622 loss 0.2083 lr 4.944e-05
[2026-09-27 12:55:59] epoch 1 step 600 batch 578/622 loss 0.1658 lr 4.870e-05
[2026-09-27 12:59:27] EPOCH 1 val_loss 0.4693 val_GLEU 47.81 (best 47.81 @ 1, es_ref 47.81 wait 0) train 3.6m val 3.2m mem [68.33, 65.26]GB stop=-
[2026-09-27 13:00:20] epoch 2 step 700 batch 156/622 loss 0.1700 lr 4.765e-05
[2026-09-27 13:01:28] epoch 2 step 800 batch 356/622 loss 0.2639 lr 4.633e-05
[2026-09-27 13:02:35] epoch 2 step 900 batch 556/622 loss 0.1584 lr 4.473e-05
[2026-09-27 13:05:21] EPOCH 2 val_loss 0.4446 val_GLEU 50.53 (best 50.53 @ 2, es_ref 50.53 wait 0) train 3.5m val 2.4m mem [73.03, 66.38]GB stop=-
[2026-09-27 13:06:07] epoch 3 step 1000 batch 134/622 loss 0.0862 lr 4.289e-05
[2026-09-27 13:07:14] epoch 3 step 1100 batch 334/622 loss 0.0736 lr 4.082e-05
[2026-09-27 13:08:22] epoch 3 step 1200 batch 534/622 loss 0.0974 lr 3.855e-05
[2026-09-27 13:10:30] EPOCH 3 val_loss 0.4728 val_GLEU 51.28 (best 51.28 @ 3, es_ref 51.28 wait 0) train 3.5m val 1.6m mem [66.38, 66.11]GB stop=-
[2026-09-27 13:11:08] epoch 4 step 1300 batch 112/622 loss 0.0237 lr 3.612e-05
[2026-09-27 13:12:16] epoch 4 step 1400 batch 312/622 loss 0.0660 lr 3.354e-05
[2026-09-27 13:13:23] epoch 4 step 1500 batch 512/622 loss 0.0567 lr 3.085e-05
[2026-09-27 13:15:45] EPOCH 4 val_loss 0.5222 val_GLEU 50.74 (best 51.28 @ 3, es_ref 51.28 wait 1) train 3.5m val 1.7m mem [66.11, 68.24]GB stop=-
[2026-09-27 13:16:15] epoch 5 step 1600 batch 90/622 loss 0.0601 lr 2.809e-05
[2026-09-27 13:17:22] epoch 5 step 1700 batch 290/622 loss 0.0112 lr 2.529e-05
[2026-09-27 13:18:31] epoch 5 step 1800 batch 490/622 loss 0.0126 lr 2.249e-05
[2026-09-27 13:20:49] EPOCH 5 val_loss 0.5519 val_GLEU 51.30 (best 51.30 @ 5, es_ref 51.28 wait 2) train 3.5m val 1.5m mem [68.33, 61.95]GB stop=-
[2026-09-27 13:21:11] epoch 6 step 1900 batch 68/622 loss 0.0081 lr 1.972e-05
[2026-09-27 13:22:19] epoch 6 step 2000 batch 268/622 loss 0.0107 lr 1.702e-05
[2026-09-27 13:23:28] epoch 6 step 2100 batch 468/622 loss 0.0022 lr 1.442e-05
[2026-09-27 13:25:59] EPOCH 6 val_loss 0.5620 val_GLEU 52.83 (best 52.83 @ 6, es_ref 52.83 wait 0) train 3.5m val 1.6m mem [68.24, 66.11]GB stop=-
[2026-09-27 13:26:15] epoch 7 step 2200 batch 46/622 loss 0.0020 lr 1.195e-05
[2026-09-27 13:27:22] epoch 7 step 2300 batch 246/622 loss 0.0007 lr 9.639e-06
[2026-09-27 13:28:29] epoch 7 step 2400 batch 446/622 loss 0.0005 lr 7.527e-06
[2026-09-27 13:31:05] EPOCH 7 val_loss 0.6047 val_GLEU 53.09 (best 53.09 @ 7, es_ref 53.09 wait 0) train 3.5m val 1.6m mem [61.06, 73.03]GB stop=-
[2026-09-27 13:31:14] epoch 8 step 2500 batch 24/622 loss 0.0003 lr 5.634e-06
[2026-09-27 13:32:23] epoch 8 step 2600 batch 224/622 loss 0.0001 lr 3.985e-06
[2026-09-27 13:33:30] epoch 8 step 2700 batch 424/622 loss 0.0002 lr 2.601e-06
[2026-09-27 13:36:00] EPOCH 8 val_loss 0.6238 val_GLEU 53.05 (best 53.09 @ 7, es_ref 53.09 wait 1) train 3.5m val 1.4m mem [62.66, 68.33]GB stop=-
[2026-09-27 13:36:01] epoch 9 step 2800 batch 2/622 loss 0.0002 lr 1.498e-06
[2026-09-27 13:37:08] epoch 9 step 2900 batch 202/622 loss 0.0003 lr 6.912e-07
[2026-09-27 13:38:15] epoch 9 step 3000 batch 402/622 loss 0.0001 lr 1.903e-07
[2026-09-27 13:39:24] epoch 9 step 3100 batch 602/622 loss 0.0013 lr 1.575e-09
[2026-09-27 13:41:10] EPOCH 9 val_loss 0.6281 val_GLEU 53.09 (best 53.09 @ 9, es_ref 53.09 wait 2) train 3.5m val 1.6m mem [73.03, 68.33]GB stop=max_epochs
`Trainer.fit` stopped: `max_epochs=10` reached.
[2026-09-27 13:42:28] 학습 종료: {'best_gleu': 53.091100000000004, 'best_epoch': 9, 'es_ref': 53.0909, 'es_ref_epoch': 7, 'wait': 2, 'stop_reason': 'max_epochs', 'epochs_done': 10}
Loading checkpoint shards:   0%|          | 0/2 [00:00<?, ?it/s]Loading checkpoint shards: 100%|██████████| 2/2 [00:00<00:00, 69.34it/s]
Using bfloat16 Automatic Mixed Precision (AMP)
GPU available: True (cuda), used: True
TPU available: False, using: 0 TPU cores
💡 Tip: For seamless cloud logging and experiment tracking, try installing [litlogger](https://pypi.org/project/litlogger/) to enable LitLogger, which logs metrics and artifacts automatically to the Lightning Experiments platform.
💡 Tip: For seamless cloud uploads and versioning, try installing [litmodels](https://pypi.org/project/litmodels/) to enable LitModelCheckpoint, which syncs automatically with the Lightning model registry.
Loading checkpoint shards:   0%|          | 0/2 [00:00<?, ?it/s]Loading checkpoint shards: 100%|██████████| 2/2 [00:00<00:00, 68.63it/s]
LOCAL_RANK: 1 - CUDA_VISIBLE_DEVICES: [0,1]
LOCAL_RANK: 0 - CUDA_VISIBLE_DEVICES: [0,1]
SLURM auto-requeueing enabled. Setting signal handlers.
SLURM auto-requeueing enabled. Setting signal handlers.
/home01/r984a02/.conda/envs/phdq_bart/lib/python3.12/site-packages/pytorch_lightning/trainer/connectors/data_connector.py:217: Using `DistributedSampler` with the dataloaders. During `trainer.test()`, it is recommended to use `Trainer(devices=1, num_nodes=1)` to ensure each sample/batch gets evaluated exactly once. Otherwise, multi-device settings use `DistributedSampler` that replicates some samples to make sure all devices have same batch size in case of uneven inputs.
[2026-09-27 13:44:03] TEST GLEU 52.00 P 64.58 R 38.75 F0.5 56.98 (59.51 문장/초, 71.7s)
batch script for job 916206 written to /scratch/r984a02/phdq_bart/26-13_PHDQ_BART/neuron_outputs/kanana-1.5-2.1b/korean_learner/lr5e-5_seed0/slurm/job_916206.sbatch
== 작업 종료: /scratch/r984a02/phdq_bart/26-13_PHDQ_BART/neuron_outputs/kanana-1.5-2.1b/korean_learner/lr5e-5_seed0 (train_state.json의 stop_reason이 비어 있으면 RESUME=1로 이어서 제출)
