==========================================
SLURM_JOB_ID = 916505
SLURM_NODELIST = gpu37
==========================================
[2026-09-27 22:40:31] job 916505 on gpu37 partition=amd_a100nv_8 GPU=2 tasks=2 commit=d3135d0 python=/home01/r984a02/.conda/envs/phdq_bart/bin/python3
index, name, memory.total [MiB], driver_version
0, NVIDIA A100-SXM4-80GB, 81920 MiB, 580.105.08
1, NVIDIA A100-SXM4-80GB, 81920 MiB, 580.105.08
[rank: 0] Seed set to 2
[rank: 1] Seed set to 2
[2026-09-27 22:42:01] 데이터 인코딩 2.0s: train 12292 val 2634 test 2634
Initializing distributed: GLOBAL_RANK: 1, MEMBER: 2/2
[2026-09-27 22:42:13] 누설 검사: ok=True {'first': {'pos': 28, 'max_diff_before_pos': 0.0, 'max_diff_at_pos': 14.552059173583984, 'ok': True}, 'middle': {'pos': 32, 'max_diff_before_pos': 0.0, 'max_diff_at_pos': 13.183744430541992, 'ok': True}, 'loss_tokens_example0': 9, 'loss_starts_after_prompt': True, 'ok': True}
Using bfloat16 Automatic Mixed Precision (AMP)
GPU available: True (cuda), used: True
TPU available: False, using: 0 TPU cores
💡 Tip: For seamless cloud logging and experiment tracking, try installing [litlogger](https://pypi.org/project/litlogger/) to enable LitLogger, which logs metrics and artifacts automatically to the Lightning Experiments platform.
[2026-09-27 22:42:13] 학습 시작 run_dir=/scratch/r984a02/phdq_bart/26-13_PHDQ_BART/neuron_outputs/kanana-1.5-2.1b/native/lr1e-5_seed2 accum=2 resume=None
Initializing distributed: GLOBAL_RANK: 0, MEMBER: 1/2
----------------------------------------------------------------------------------------------------
distributed_backend=nccl
All distributed processes registered. Starting with 2 processes
----------------------------------------------------------------------------------------------------

LOCAL_RANK: 0 - CUDA_VISIBLE_DEVICES: [0,1]
LOCAL_RANK: 1 - CUDA_VISIBLE_DEVICES: [0,1]
Loading `train_dataloader` to estimate number of stepping batches.
/home01/r984a02/.conda/envs/phdq_bart/lib/python3.12/site-packages/pytorch_lightning/utilities/_pytree.py:21: `isinstance(treespec, LeafSpec)` is deprecated, use `isinstance(treespec, TreeSpec) and treespec.is_leaf()` instead.
/home01/r984a02/.conda/envs/phdq_bart/lib/python3.12/site-packages/pytorch_lightning/utilities/_pytree.py:21: `isinstance(treespec, LeafSpec)` is deprecated, use `isinstance(treespec, TreeSpec) and treespec.is_leaf()` instead.
SLURM auto-requeueing enabled. Setting signal handlers.
SLURM auto-requeueing enabled. Setting signal handlers.
/home01/r984a02/.conda/envs/phdq_bart/lib/python3.12/site-packages/pytorch_lightning/loops/fit_loop.py:538: Found 423 module(s) in eval mode at the start of training. This may lead to unexpected behavior during training. If this is intentional, you can ignore this warning.
[2026-09-27 22:42:18] 학습 모드 검사: {'time_kst': '2026-09-27 22:42:18', 'epoch': 0, 'model.training': True, 'dropout_modules_p>0': 0, 'dropout_modules_p>0_training': 0, 'ok': True}
/home01/r984a02/.conda/envs/phdq_bart/lib/python3.12/site-packages/torch/autograd/graph.py:869: UserWarning: The AccumulateGrad node's stream does not match the stream of the node that produced the incoming gradient. This may incur unnecessary synchronization and break CUDA graph capture if the AccumulateGrad node's stream is the default stream. This mismatch is caused by an AccumulateGrad node created prior to the current iteration being kept alive. This can happen if the autograd graph is still being kept alive by tensors such as the loss, or if you are using DDP, which will stash a reference to the node. To resolve the mismatch, delete all references to the autograd graph or ensure that DDP initialization is performed under the same stream as subsequent forwards. If the mismatch is intentional, you can use torch.autograd.graph.set_warn_on_accumulate_grad_stream_mismatch(False) to suppress this warning. (Triggered internally at /pytorch/torch/csrc/autograd/input_buffer.cpp:240.)
  return Variable._execution_engine.run_backward(  # Calls into the C++ engine to run the backward pass
/home01/r984a02/.conda/envs/phdq_bart/lib/python3.12/site-packages/torch/autograd/graph.py:869: UserWarning: The AccumulateGrad node's stream does not match the stream of the node that produced the incoming gradient. This may incur unnecessary synchronization and break CUDA graph capture if the AccumulateGrad node's stream is the default stream. This mismatch is caused by an AccumulateGrad node created prior to the current iteration being kept alive. This can happen if the autograd graph is still being kept alive by tensors such as the loss, or if you are using DDP, which will stash a reference to the node. To resolve the mismatch, delete all references to the autograd graph or ensure that DDP initialization is performed under the same stream as subsequent forwards. If the mismatch is intentional, you can use torch.autograd.graph.set_warn_on_accumulate_grad_stream_mismatch(False) to suppress this warning. (Triggered internally at /pytorch/torch/csrc/autograd/input_buffer.cpp:240.)
  return Variable._execution_engine.run_backward(  # Calls into the C++ engine to run the backward pass
[2026-09-27 22:42:23] epoch 0 step 1 batch 2/385 loss 1.5512 lr 5.181e-08
[2026-09-27 22:43:26] epoch 0 step 100 batch 200/385 loss 0.0757 lr 5.181e-06
[2026-09-27 22:45:26] EPOCH 0 val_loss 0.1201 val_GLEU 79.01 (best 79.01 @ 0, es_ref 79.01 wait 0) train 2.1m val 1.0m mem [54.25, 54.34]GB stop=-
[2026-09-27 22:45:30] epoch 1 step 200 batch 14/385 loss 0.0251 lr 1.000e-05
[2026-09-27 22:46:33] epoch 1 step 300 batch 214/385 loss 0.0309 lr 9.907e-06
[2026-09-27 22:49:03] EPOCH 1 val_loss 0.1081 val_GLEU 82.63 (best 82.63 @ 1, es_ref 82.63 wait 0) train 2.0m val 1.6m mem [54.34, 53.99]GB stop=-
[2026-09-27 22:49:12] epoch 2 step 400 batch 28/385 loss 0.0103 lr 9.654e-06
[2026-09-27 22:50:14] epoch 2 step 500 batch 228/385 loss 0.0264 lr 9.249e-06
[2026-09-27 22:52:20] EPOCH 2 val_loss 0.1158 val_GLEU 83.69 (best 83.69 @ 2, es_ref 83.69 wait 0) train 2.0m val 1.3m mem [54.34, 54.07]GB stop=-
[2026-09-27 22:52:33] epoch 3 step 600 batch 42/385 loss 0.0213 lr 8.705e-06
[2026-09-27 22:53:35] epoch 3 step 700 batch 242/385 loss 0.0193 lr 8.041e-06
[2026-09-27 22:55:33] EPOCH 3 val_loss 0.1241 val_GLEU 84.99 (best 84.99 @ 3, es_ref 84.99 wait 0) train 2.0m val 1.2m mem [54.34, 54.25]GB stop=-
[2026-09-27 22:55:51] epoch 4 step 800 batch 56/385 loss 0.0016 lr 7.278e-06
[2026-09-27 22:56:54] epoch 4 step 900 batch 256/385 loss 0.0063 lr 6.440e-06
[2026-09-27 22:58:24] EPOCH 4 val_loss 0.1322 val_GLEU 84.65 (best 84.99 @ 3, es_ref 84.99 wait 1) train 2.0m val 0.8m mem [54.34, 54.25]GB stop=-
[2026-09-27 22:58:46] epoch 5 step 1000 batch 70/385 loss 0.0049 lr 5.555e-06
[2026-09-27 22:59:49] epoch 5 step 1100 batch 270/385 loss 0.0073 lr 4.652e-06
[2026-09-27 23:01:33] EPOCH 5 val_loss 0.1329 val_GLEU 85.46 (best 85.46 @ 5, es_ref 85.46 wait 0) train 2.0m val 1.1m mem [54.16, 54.34]GB stop=-
[2026-09-27 23:01:59] epoch 6 step 1200 batch 84/385 loss 0.0002 lr 3.761e-06
[2026-09-27 23:03:02] epoch 6 step 1300 batch 284/385 loss 0.0001 lr 2.909e-06
[2026-09-27 23:04:22] EPOCH 6 val_loss 0.1419 val_GLEU 85.12 (best 85.46 @ 5, es_ref 85.46 wait 1) train 2.0m val 0.8m mem [54.34, 54.34]GB stop=-
[2026-09-27 23:04:53] epoch 7 step 1400 batch 98/385 loss 0.0001 lr 2.127e-06
[2026-09-27 23:05:56] epoch 7 step 1500 batch 298/385 loss 0.0001 lr 1.437e-06
[2026-09-27 23:07:12] EPOCH 7 val_loss 0.1415 val_GLEU 85.22 (best 85.46 @ 5, es_ref 85.46 wait 2) train 2.0m val 0.8m mem [54.07, 54.25]GB stop=-
[2026-09-27 23:07:47] epoch 8 step 1600 batch 112/385 loss 0.0001 lr 8.644e-07
[2026-09-27 23:08:50] epoch 8 step 1700 batch 312/385 loss 0.0001 lr 4.264e-07
[2026-09-27 23:10:02] EPOCH 8 val_loss 0.1466 val_GLEU 85.15 (best 85.46 @ 5, es_ref 85.46 wait 3) train 2.0m val 0.8m mem [54.34, 54.07]GB stop=early_stop
[2026-09-27 23:11:45] 학습 종료: {'best_gleu': 85.4588, 'best_epoch': 5, 'es_ref': 85.4588, 'es_ref_epoch': 5, 'wait': 3, 'stop_reason': 'early_stop', 'epochs_done': 9}
Loading checkpoint shards:   0%|          | 0/2 [00:00<?, ?it/s]Loading checkpoint shards: 100%|██████████| 2/2 [00:00<00:00, 67.75it/s]
Loading checkpoint shards:   0%|          | 0/2 [00:00<?, ?it/s]Loading checkpoint shards: 100%|██████████| 2/2 [00:00<00:00, 69.85it/s]
Using bfloat16 Automatic Mixed Precision (AMP)
GPU available: True (cuda), used: True
TPU available: False, using: 0 TPU cores
💡 Tip: For seamless cloud logging and experiment tracking, try installing [litlogger](https://pypi.org/project/litlogger/) to enable LitLogger, which logs metrics and artifacts automatically to the Lightning Experiments platform.
💡 Tip: For seamless cloud uploads and versioning, try installing [litmodels](https://pypi.org/project/litmodels/) to enable LitModelCheckpoint, which syncs automatically with the Lightning model registry.
LOCAL_RANK: 0 - CUDA_VISIBLE_DEVICES: [0,1]
LOCAL_RANK: 1 - CUDA_VISIBLE_DEVICES: [0,1]
SLURM auto-requeueing enabled. Setting signal handlers.
SLURM auto-requeueing enabled. Setting signal handlers.
/home01/r984a02/.conda/envs/phdq_bart/lib/python3.12/site-packages/pytorch_lightning/trainer/connectors/data_connector.py:217: Using `DistributedSampler` with the dataloaders. During `trainer.test()`, it is recommended to use `Trainer(devices=1, num_nodes=1)` to ensure each sample/batch gets evaluated exactly once. Otherwise, multi-device settings use `DistributedSampler` that replicates some samples to make sure all devices have same batch size in case of uneven inputs.
[2026-09-27 23:13:04] TEST GLEU 82.95 P 92.09 R 79.95 F0.5 89.38 (41.74 문장/초, 63.1s)
batch script for job 916505 written to /scratch/r984a02/phdq_bart/26-13_PHDQ_BART/neuron_outputs/kanana-1.5-2.1b/native/lr1e-5_seed2/slurm/job_916505.sbatch
== 작업 종료: /scratch/r984a02/phdq_bart/26-13_PHDQ_BART/neuron_outputs/kanana-1.5-2.1b/native/lr1e-5_seed2 (train_state.json의 stop_reason이 비어 있으면 RESUME=1로 이어서 제출)
