==========================================
SLURM_JOB_ID = 916765
SLURM_NODELIST = gpu55
==========================================
[2026-09-28 07:15:37] job 916765 on gpu55 partition=amd_h200nv_8 GPU=1 tasks=1 commit=d3135d0 python=/home01/r984a02/.conda/envs/phdq_bart/bin/python3
index, name, memory.total [MiB], driver_version
0, NVIDIA H200, 143771 MiB, 580.105.08
[rank: 0] Seed set to 2
Loading checkpoint shards:   0%|          | 0/2 [00:00<?, ?it/s]Loading checkpoint shards:  50%|█████     | 1/2 [00:03<00:03,  3.31s/it]Loading checkpoint shards: 100%|██████████| 2/2 [00:05<00:00,  2.94s/it]Loading checkpoint shards: 100%|██████████| 2/2 [00:05<00:00,  2.99s/it]
[2026-09-28 07:19:31] 데이터 인코딩 9.5s: train 76692 val 16434 test 16434
[2026-09-28 07:19:37] 누설 검사: ok=True {'first': {'pos': 25, 'max_diff_before_pos': 0.0, 'max_diff_at_pos': 13.30920696258545, 'ok': True}, 'middle': {'pos': 28, 'max_diff_before_pos': 0.0, 'max_diff_at_pos': 15.82691764831543, 'ok': True}, 'loss_tokens_example0': 7, 'loss_starts_after_prompt': True, 'ok': True}
Using bfloat16 Automatic Mixed Precision (AMP)
GPU available: True (cuda), used: True
TPU available: False, using: 0 TPU cores
💡 Tip: For seamless cloud logging and experiment tracking, try installing [litlogger](https://pypi.org/project/litlogger/) to enable LitLogger, which logs metrics and artifacts automatically to the Lightning Experiments platform.
[2026-09-28 07:19:37] 학습 시작 run_dir=/scratch/r984a02/phdq_bart/26-13_PHDQ_BART/neuron_outputs/kanana-1.5-2.1b/lang8/s2_lr1e-5_seed2 accum=4 resume=None
LOCAL_RANK: 0 - CUDA_VISIBLE_DEVICES: [0]
Loading `train_dataloader` to estimate number of stepping batches.
/home01/r984a02/.conda/envs/phdq_bart/lib/python3.12/site-packages/pytorch_lightning/utilities/_pytree.py:21: `isinstance(treespec, LeafSpec)` is deprecated, use `isinstance(treespec, TreeSpec) and treespec.is_leaf()` instead.
SLURM auto-requeueing enabled. Setting signal handlers.
/home01/r984a02/.conda/envs/phdq_bart/lib/python3.12/site-packages/pytorch_lightning/loops/fit_loop.py:538: Found 423 module(s) in eval mode at the start of training. This may lead to unexpected behavior during training. If this is intentional, you can ignore this warning.
[2026-09-28 07:19:38] 학습 모드 검사: {'time_kst': '2026-09-28 07:19:38', 'epoch': 0, 'model.training': True, 'dropout_modules_p>0': 0, 'dropout_modules_p>0_training': 0, 'ok': True}
[2026-09-28 07:19:44] epoch 0 step 1 batch 4/4794 loss 0.1100 lr 2.780e-09
[2026-09-28 07:21:52] epoch 0 step 100 batch 400/4794 loss 0.1103 lr 2.780e-07
[2026-09-28 07:22:49] epoch 0 step 200 batch 800/4794 loss 0.0860 lr 5.560e-07
[2026-09-28 07:23:45] epoch 0 step 300 batch 1200/4794 loss 0.0609 lr 8.340e-07
[2026-09-28 07:24:36] epoch 0 step 400 batch 1600/4794 loss 0.0638 lr 1.112e-06
[2026-09-28 07:25:26] epoch 0 step 500 batch 2000/4794 loss 0.1000 lr 1.390e-06
[2026-09-28 07:26:21] epoch 0 step 600 batch 2400/4794 loss 0.1035 lr 1.668e-06
[2026-09-28 07:27:09] epoch 0 step 700 batch 2800/4794 loss 0.0832 lr 1.946e-06
[2026-09-28 07:27:57] epoch 0 step 800 batch 3200/4794 loss 0.0676 lr 2.224e-06
[2026-09-28 07:28:46] epoch 0 step 900 batch 3600/4794 loss 0.1554 lr 2.502e-06
[2026-09-28 07:29:35] epoch 0 step 1000 batch 4000/4794 loss 0.0809 lr 2.780e-06
[2026-09-28 07:30:26] epoch 0 step 1100 batch 4400/4794 loss 0.0798 lr 3.058e-06
[2026-09-28 07:37:04] EPOCH 0 val_loss 0.6348 val_GLEU 38.33 (best 38.33 @ 0, es_ref 38.33 wait 0) train 11.6m val 5.8m mem [58.65]GB stop=-
[2026-09-28 07:37:04] epoch 1 step 1200 batch 4/4794 loss 0.0480 lr 3.333e-06
[2026-09-28 07:37:51] epoch 1 step 1300 batch 404/4794 loss 0.0427 lr 3.333e-06
[2026-09-28 07:38:37] epoch 1 step 1400 batch 804/4794 loss 0.0736 lr 3.330e-06
[2026-09-28 07:39:23] epoch 1 step 1500 batch 1204/4794 loss 0.0597 lr 3.327e-06
[2026-09-28 07:40:08] epoch 1 step 1600 batch 1604/4794 loss 0.0451 lr 3.322e-06
[2026-09-28 07:40:54] epoch 1 step 1700 batch 2004/4794 loss 0.0765 lr 3.316e-06
[2026-09-28 07:41:40] epoch 1 step 1800 batch 2404/4794 loss 0.0763 lr 3.308e-06
[2026-09-28 07:42:27] epoch 1 step 1900 batch 2804/4794 loss 0.0641 lr 3.299e-06
[2026-09-28 07:43:12] epoch 1 step 2000 batch 3204/4794 loss 0.0752 lr 3.288e-06
[2026-09-28 07:44:00] epoch 1 step 2100 batch 3604/4794 loss 0.0806 lr 3.276e-06
[2026-09-28 07:44:46] epoch 1 step 2200 batch 4004/4794 loss 0.0941 lr 3.263e-06
[2026-09-28 07:45:33] epoch 1 step 2300 batch 4404/4794 loss 0.0640 lr 3.248e-06
[2026-09-28 07:49:41] EPOCH 1 val_loss 0.6726 val_GLEU 38.29 (best 38.33 @ 0, es_ref 38.33 wait 1) train 9.3m val 3.4m mem [58.65]GB stop=-
[2026-09-28 07:49:42] epoch 2 step 2400 batch 8/4794 loss 0.0219 lr 3.232e-06
[2026-09-28 07:50:28] epoch 2 step 2500 batch 408/4794 loss 0.0259 lr 3.215e-06
[2026-09-28 07:51:15] epoch 2 step 2600 batch 808/4794 loss 0.0200 lr 3.197e-06
[2026-09-28 07:52:01] epoch 2 step 2700 batch 1208/4794 loss 0.0361 lr 3.177e-06
[2026-09-28 07:52:47] epoch 2 step 2800 batch 1608/4794 loss 0.0382 lr 3.156e-06
[2026-09-28 07:53:33] epoch 2 step 2900 batch 2008/4794 loss 0.0322 lr 3.133e-06
[2026-09-28 07:54:18] epoch 2 step 3000 batch 2408/4794 loss 0.0489 lr 3.109e-06
[2026-09-28 07:55:04] epoch 2 step 3100 batch 2808/4794 loss 0.0457 lr 3.085e-06
[2026-09-28 07:55:50] epoch 2 step 3200 batch 3208/4794 loss 0.0628 lr 3.058e-06
[2026-09-28 07:56:37] epoch 2 step 3300 batch 3608/4794 loss 0.0493 lr 3.031e-06
[2026-09-28 07:57:22] epoch 2 step 3400 batch 4008/4794 loss 0.0481 lr 3.003e-06
[2026-09-28 07:58:09] epoch 2 step 3500 batch 4408/4794 loss 0.0495 lr 2.973e-06
[2026-09-28 08:02:16] EPOCH 2 val_loss 0.7800 val_GLEU 38.25 (best 38.33 @ 0, es_ref 38.33 wait 2) train 9.2m val 3.3m mem [58.65]GB stop=-
[2026-09-28 08:02:17] epoch 3 step 3600 batch 12/4794 loss 0.0226 lr 2.942e-06
[2026-09-28 08:03:04] epoch 3 step 3700 batch 412/4794 loss 0.0380 lr 2.911e-06
[2026-09-28 08:03:49] epoch 3 step 3800 batch 812/4794 loss 0.0237 lr 2.878e-06
[2026-09-28 08:04:35] epoch 3 step 3900 batch 1212/4794 loss 0.0393 lr 2.844e-06
[2026-09-28 08:05:21] epoch 3 step 4000 batch 1612/4794 loss 0.0320 lr 2.809e-06
[2026-09-28 08:06:07] epoch 3 step 4100 batch 2012/4794 loss 0.0448 lr 2.773e-06
[2026-09-28 08:06:53] epoch 3 step 4200 batch 2412/4794 loss 0.0396 lr 2.737e-06
[2026-09-28 08:07:39] epoch 3 step 4300 batch 2812/4794 loss 0.0457 lr 2.699e-06
[2026-09-28 08:08:25] epoch 3 step 4400 batch 3212/4794 loss 0.0369 lr 2.660e-06
[2026-09-28 08:09:12] epoch 3 step 4500 batch 3612/4794 loss 0.0476 lr 2.621e-06
[2026-09-28 08:09:58] epoch 3 step 4600 batch 4012/4794 loss 0.0527 lr 2.581e-06
[2026-09-28 08:10:44] epoch 3 step 4700 batch 4412/4794 loss 0.0403 lr 2.540e-06
[2026-09-28 08:14:51] EPOCH 3 val_loss 0.8914 val_GLEU 37.93 (best 38.33 @ 0, es_ref 38.33 wait 3) train 9.2m val 3.4m mem [58.65]GB stop=early_stop
[2026-09-28 08:15:19] 학습 종료: {'best_gleu': 38.329299999999996, 'best_epoch': 0, 'es_ref': 38.329299999999996, 'es_ref_epoch': 0, 'wait': 3, 'stop_reason': 'early_stop', 'epochs_done': 4}
Loading checkpoint shards:   0%|          | 0/2 [00:00<?, ?it/s]Loading checkpoint shards: 100%|██████████| 2/2 [00:00<00:00, 206.12it/s]
Using bfloat16 Automatic Mixed Precision (AMP)
GPU available: True (cuda), used: True
TPU available: False, using: 0 TPU cores
💡 Tip: For seamless cloud logging and experiment tracking, try installing [litlogger](https://pypi.org/project/litlogger/) to enable LitLogger, which logs metrics and artifacts automatically to the Lightning Experiments platform.
💡 Tip: For seamless cloud uploads and versioning, try installing [litmodels](https://pypi.org/project/litmodels/) to enable LitModelCheckpoint, which syncs automatically with the Lightning model registry.
LOCAL_RANK: 0 - CUDA_VISIBLE_DEVICES: [0]
SLURM auto-requeueing enabled. Setting signal handlers.
[2026-09-28 08:19:05] TEST GLEU 38.72 P 57.45 R 37.40 F0.5 51.88 (88.5 문장/초, 185.7s)
batch script for job 916765 written to /scratch/r984a02/phdq_bart/26-13_PHDQ_BART/neuron_outputs/kanana-1.5-2.1b/lang8/s2_lr1e-5_seed2/slurm/job_916765.sbatch
== 작업 종료: /scratch/r984a02/phdq_bart/26-13_PHDQ_BART/neuron_outputs/kanana-1.5-2.1b/lang8/s2_lr1e-5_seed2 (train_state.json의 stop_reason이 비어 있으면 RESUME=1로 이어서 제출)
