==========================================
SLURM_JOB_ID = 916465
SLURM_NODELIST = gpu54
==========================================
[2026-09-27 18:40:22] job 916465 on gpu54 partition=amd_h200nv_8 GPU=1 tasks=1 commit=d3135d0 python=/home01/r984a02/.conda/envs/phdq_bart/bin/python3
index, name, memory.total [MiB], driver_version
0, NVIDIA H200, 143771 MiB, 580.105.08
[rank: 0] Seed set to 2
[2026-09-27 18:40:40] 데이터 인코딩 13.7s: train 108882 val 23332 test 23333
[2026-09-27 18:40:42] 누설 검사: ok=True {'first': {'pos': 25, 'max_diff_before_pos': 0.0, 'max_diff_at_pos': 19.15501594543457, 'ok': True}, 'middle': {'pos': 28, 'max_diff_before_pos': 0.0, 'max_diff_at_pos': 15.206708908081055, 'ok': True}, 'loss_tokens_example0': 7, 'loss_starts_after_prompt': True, 'ok': True}
Using bfloat16 Automatic Mixed Precision (AMP)
GPU available: True (cuda), used: True
TPU available: False, using: 0 TPU cores
💡 Tip: For seamless cloud logging and experiment tracking, try installing [litlogger](https://pypi.org/project/litlogger/) to enable LitLogger, which logs metrics and artifacts automatically to the Lightning Experiments platform.
[2026-09-27 18:40:42] 학습 시작 run_dir=/scratch/r984a02/phdq_bart/26-13_PHDQ_BART/neuron_outputs/kanana-1.5-2.1b/union/lr1e-5_seed2 accum=4 resume=None
LOCAL_RANK: 0 - CUDA_VISIBLE_DEVICES: [0]
Loading `train_dataloader` to estimate number of stepping batches.
/home01/r984a02/.conda/envs/phdq_bart/lib/python3.12/site-packages/pytorch_lightning/utilities/_pytree.py:21: `isinstance(treespec, LeafSpec)` is deprecated, use `isinstance(treespec, TreeSpec) and treespec.is_leaf()` instead.
SLURM auto-requeueing enabled. Setting signal handlers.
/home01/r984a02/.conda/envs/phdq_bart/lib/python3.12/site-packages/pytorch_lightning/loops/fit_loop.py:538: Found 423 module(s) in eval mode at the start of training. This may lead to unexpected behavior during training. If this is intentional, you can ignore this warning.
[2026-09-27 18:40:43] 학습 모드 검사: {'time_kst': '2026-09-27 18:40:43', 'epoch': 0, 'model.training': True, 'dropout_modules_p>0': 0, 'dropout_modules_p>0_training': 0, 'ok': True}
[2026-09-27 18:40:47] epoch 0 step 1 batch 4/6806 loss 2.1566 lr 5.875e-09
[2026-09-27 18:42:54] epoch 0 step 100 batch 400/6806 loss 0.4102 lr 5.875e-07
[2026-09-27 18:43:59] epoch 0 step 200 batch 800/6806 loss 0.4344 lr 1.175e-06
[2026-09-27 18:44:57] epoch 0 step 300 batch 1200/6806 loss 0.4549 lr 1.763e-06
[2026-09-27 18:45:49] epoch 0 step 400 batch 1600/6806 loss 0.4052 lr 2.350e-06
[2026-09-27 18:46:44] epoch 0 step 500 batch 2000/6806 loss 0.3918 lr 2.938e-06
[2026-09-27 18:47:37] epoch 0 step 600 batch 2400/6806 loss 0.4130 lr 3.525e-06
[2026-09-27 18:48:25] epoch 0 step 700 batch 2800/6806 loss 0.5258 lr 4.113e-06
[2026-09-27 18:49:14] epoch 0 step 800 batch 3200/6806 loss 0.3898 lr 4.700e-06
[2026-09-27 18:50:02] epoch 0 step 900 batch 3600/6806 loss 0.4478 lr 5.288e-06
[2026-09-27 18:50:49] epoch 0 step 1000 batch 4000/6806 loss 0.3701 lr 5.875e-06
[2026-09-27 18:51:38] epoch 0 step 1100 batch 4400/6806 loss 0.3705 lr 6.463e-06
[2026-09-27 18:52:27] epoch 0 step 1200 batch 4800/6806 loss 0.4442 lr 7.051e-06
[2026-09-27 18:53:19] epoch 0 step 1300 batch 5200/6806 loss 0.3921 lr 7.638e-06
[2026-09-27 18:54:07] epoch 0 step 1400 batch 5600/6806 loss 0.4323 lr 8.226e-06
[2026-09-27 18:55:00] epoch 0 step 1500 batch 6000/6806 loss 0.3978 lr 8.813e-06
[2026-09-27 18:55:48] epoch 0 step 1600 batch 6400/6806 loss 0.3406 lr 9.401e-06
[2026-09-27 18:56:36] epoch 0 step 1700 batch 6800/6806 loss 0.4984 lr 9.988e-06
[2026-09-27 19:03:55] EPOCH 0 val_loss 0.4047 val_GLEU 46.93 (best 46.93 @ 0, es_ref 46.93 wait 0) train 15.9m val 7.3m mem [65.31]GB stop=-
[2026-09-27 19:04:41] epoch 1 step 1800 batch 392/6806 loss 0.2435 lr 9.999e-06
[2026-09-27 19:05:28] epoch 1 step 1900 batch 792/6806 loss 0.2938 lr 9.996e-06
[2026-09-27 19:06:15] epoch 1 step 2000 batch 1192/6806 loss 0.2974 lr 9.991e-06
[2026-09-27 19:07:02] epoch 1 step 2100 batch 1592/6806 loss 0.3057 lr 9.983e-06
[2026-09-27 19:07:48] epoch 1 step 2200 batch 1992/6806 loss 0.2919 lr 9.974e-06
[2026-09-27 19:08:35] epoch 1 step 2300 batch 2392/6806 loss 0.2780 lr 9.962e-06
[2026-09-27 19:09:22] epoch 1 step 2400 batch 2792/6806 loss 0.3657 lr 9.949e-06
[2026-09-27 19:10:08] epoch 1 step 2500 batch 3192/6806 loss 0.2975 lr 9.933e-06
[2026-09-27 19:10:56] epoch 1 step 2600 batch 3592/6806 loss 0.3590 lr 9.915e-06
[2026-09-27 19:11:43] epoch 1 step 2700 batch 3992/6806 loss 0.3104 lr 9.896e-06
[2026-09-27 19:12:30] epoch 1 step 2800 batch 4392/6806 loss 0.3636 lr 9.874e-06
[2026-09-27 19:13:17] epoch 1 step 2900 batch 4792/6806 loss 0.3453 lr 9.850e-06
[2026-09-27 19:14:04] epoch 1 step 3000 batch 5192/6806 loss 0.2841 lr 9.824e-06
[2026-09-27 19:14:51] epoch 1 step 3100 batch 5592/6806 loss 0.2800 lr 9.796e-06
[2026-09-27 19:15:38] epoch 1 step 3200 batch 5992/6806 loss 0.3611 lr 9.766e-06
[2026-09-27 19:16:25] epoch 1 step 3300 batch 6392/6806 loss 0.3715 lr 9.734e-06
[2026-09-27 19:17:12] epoch 1 step 3400 batch 6792/6806 loss 0.3051 lr 9.700e-06
[2026-09-27 19:22:11] EPOCH 1 val_loss 0.4047 val_GLEU 48.82 (best 48.82 @ 1, es_ref 48.82 wait 0) train 13.3m val 4.9m mem [65.3]GB stop=-
[2026-09-27 19:22:56] epoch 2 step 3500 batch 384/6806 loss 0.1127 lr 9.664e-06
[2026-09-27 19:23:42] epoch 2 step 3600 batch 784/6806 loss 0.1426 lr 9.626e-06
[2026-09-27 19:24:29] epoch 2 step 3700 batch 1184/6806 loss 0.1511 lr 9.586e-06
[2026-09-27 19:25:16] epoch 2 step 3800 batch 1584/6806 loss 0.1445 lr 9.544e-06
[2026-09-27 19:26:03] epoch 2 step 3900 batch 1984/6806 loss 0.1657 lr 9.501e-06
[2026-09-27 19:26:50] epoch 2 step 4000 batch 2384/6806 loss 0.1522 lr 9.455e-06
[2026-09-27 19:27:36] epoch 2 step 4100 batch 2784/6806 loss 0.1527 lr 9.407e-06
[2026-09-27 19:28:23] epoch 2 step 4200 batch 3184/6806 loss 0.1743 lr 9.358e-06
[2026-09-27 19:29:10] epoch 2 step 4300 batch 3584/6806 loss 0.1787 lr 9.307e-06
[2026-09-27 19:29:57] epoch 2 step 4400 batch 3984/6806 loss 0.1615 lr 9.254e-06
[2026-09-27 19:30:44] epoch 2 step 4500 batch 4384/6806 loss 0.1381 lr 9.199e-06
[2026-09-27 19:31:31] epoch 2 step 4600 batch 4784/6806 loss 0.1697 lr 9.143e-06
[2026-09-27 19:32:18] epoch 2 step 4700 batch 5184/6806 loss 0.1397 lr 9.084e-06
[2026-09-27 19:33:05] epoch 2 step 4800 batch 5584/6806 loss 0.2075 lr 9.024e-06
[2026-09-27 19:33:52] epoch 2 step 4900 batch 5984/6806 loss 0.1586 lr 8.963e-06
[2026-09-27 19:34:39] epoch 2 step 5000 batch 6384/6806 loss 0.1562 lr 8.899e-06
[2026-09-27 19:35:26] epoch 2 step 5100 batch 6784/6806 loss 0.1867 lr 8.834e-06
[2026-09-27 19:40:28] EPOCH 2 val_loss 0.4586 val_GLEU 48.90 (best 48.90 @ 2, es_ref 48.82 wait 1) train 13.3m val 5.0m mem [65.3]GB stop=-
[2026-09-27 19:41:13] epoch 3 step 5200 batch 376/6806 loss 0.0918 lr 8.768e-06
[2026-09-27 19:42:00] epoch 3 step 5300 batch 776/6806 loss 0.0860 lr 8.699e-06
[2026-09-27 19:42:47] epoch 3 step 5400 batch 1176/6806 loss 0.0828 lr 8.630e-06
[2026-09-27 19:43:34] epoch 3 step 5500 batch 1576/6806 loss 0.0962 lr 8.558e-06
[2026-09-27 19:44:21] epoch 3 step 5600 batch 1976/6806 loss 0.0878 lr 8.486e-06
[2026-09-27 19:45:07] epoch 3 step 5700 batch 2376/6806 loss 0.0938 lr 8.411e-06
[2026-09-27 19:46:02] epoch 3 step 5800 batch 2776/6806 loss 0.0925 lr 8.336e-06
[2026-09-27 19:46:50] epoch 3 step 5900 batch 3176/6806 loss 0.0902 lr 8.258e-06
[2026-09-27 19:47:37] epoch 3 step 6000 batch 3576/6806 loss 0.1137 lr 8.180e-06
[2026-09-27 19:48:24] epoch 3 step 6100 batch 3976/6806 loss 0.0633 lr 8.100e-06
[2026-09-27 19:49:10] epoch 3 step 6200 batch 4376/6806 loss 0.0895 lr 8.019e-06
[2026-09-27 19:49:57] epoch 3 step 6300 batch 4776/6806 loss 0.1072 lr 7.937e-06
[2026-09-27 19:50:44] epoch 3 step 6400 batch 5176/6806 loss 0.1122 lr 7.853e-06
[2026-09-27 19:51:31] epoch 3 step 6500 batch 5576/6806 loss 0.1101 lr 7.768e-06
[2026-09-27 19:52:17] epoch 3 step 6600 batch 5976/6806 loss 0.1054 lr 7.682e-06
[2026-09-27 19:53:04] epoch 3 step 6700 batch 6376/6806 loss 0.0931 lr 7.595e-06
[2026-09-27 19:53:51] epoch 3 step 6800 batch 6776/6806 loss 0.1035 lr 7.507e-06
[2026-09-27 19:58:56] EPOCH 3 val_loss 0.5143 val_GLEU 48.31 (best 48.90 @ 2, es_ref 48.82 wait 2) train 13.6m val 4.8m mem [65.31]GB stop=-
[2026-09-27 19:59:40] epoch 4 step 6900 batch 368/6806 loss 0.0321 lr 7.418e-06
[2026-09-27 20:00:26] epoch 4 step 7000 batch 768/6806 loss 0.0540 lr 7.328e-06
[2026-09-27 20:01:13] epoch 4 step 7100 batch 1168/6806 loss 0.0403 lr 7.236e-06
[2026-09-27 20:02:00] epoch 4 step 7200 batch 1568/6806 loss 0.0503 lr 7.144e-06
[2026-09-27 20:02:46] epoch 4 step 7300 batch 1968/6806 loss 0.0587 lr 7.051e-06
[2026-09-27 20:03:33] epoch 4 step 7400 batch 2368/6806 loss 0.0524 lr 6.957e-06
[2026-09-27 20:04:21] epoch 4 step 7500 batch 2768/6806 loss 0.0613 lr 6.862e-06
[2026-09-27 20:05:07] epoch 4 step 7600 batch 3168/6806 loss 0.0622 lr 6.767e-06
[2026-09-27 20:05:55] epoch 4 step 7700 batch 3568/6806 loss 0.0655 lr 6.671e-06
[2026-09-27 20:06:42] epoch 4 step 7800 batch 3968/6806 loss 0.0654 lr 6.574e-06
[2026-09-27 20:07:29] epoch 4 step 7900 batch 4368/6806 loss 0.0515 lr 6.476e-06
[2026-09-27 20:08:16] epoch 4 step 8000 batch 4768/6806 loss 0.0605 lr 6.378e-06
[2026-09-27 20:09:04] epoch 4 step 8100 batch 5168/6806 loss 0.0726 lr 6.279e-06
[2026-09-27 20:09:50] epoch 4 step 8200 batch 5568/6806 loss 0.0447 lr 6.179e-06
[2026-09-27 20:10:37] epoch 4 step 8300 batch 5968/6806 loss 0.0390 lr 6.079e-06
[2026-09-27 20:11:23] epoch 4 step 8400 batch 6368/6806 loss 0.0672 lr 5.979e-06
[2026-09-27 20:12:11] epoch 4 step 8500 batch 6768/6806 loss 0.0806 lr 5.878e-06
[2026-09-27 20:17:06] EPOCH 4 val_loss 0.5858 val_GLEU 48.05 (best 48.90 @ 2, es_ref 48.82 wait 3) train 13.3m val 4.8m mem [65.31]GB stop=early_stop
[2026-09-27 20:18:01] 학습 종료: {'best_gleu': 48.9045, 'best_epoch': 2, 'es_ref': 48.8182, 'es_ref_epoch': 1, 'wait': 3, 'stop_reason': 'early_stop', 'epochs_done': 5}
Loading checkpoint shards:   0%|          | 0/2 [00:00<?, ?it/s]Loading checkpoint shards:  50%|█████     | 1/2 [00:00<00:00,  6.08it/s]Loading checkpoint shards: 100%|██████████| 2/2 [00:00<00:00, 11.85it/s]
Using bfloat16 Automatic Mixed Precision (AMP)
GPU available: True (cuda), used: True
TPU available: False, using: 0 TPU cores
💡 Tip: For seamless cloud logging and experiment tracking, try installing [litlogger](https://pypi.org/project/litlogger/) to enable LitLogger, which logs metrics and artifacts automatically to the Lightning Experiments platform.
💡 Tip: For seamless cloud uploads and versioning, try installing [litmodels](https://pypi.org/project/litmodels/) to enable LitModelCheckpoint, which syncs automatically with the Lightning model registry.
LOCAL_RANK: 0 - CUDA_VISIBLE_DEVICES: [0]
SLURM auto-requeueing enabled. Setting signal handlers.
[2026-09-27 20:23:21] TEST GLEU 48.85 P 59.38 R 41.27 F0.5 54.59 (87.89 문장/초, 265.5s)
batch script for job 916465 written to /scratch/r984a02/phdq_bart/26-13_PHDQ_BART/neuron_outputs/kanana-1.5-2.1b/union/lr1e-5_seed2/slurm/job_916465.sbatch
== 작업 종료: /scratch/r984a02/phdq_bart/26-13_PHDQ_BART/neuron_outputs/kanana-1.5-2.1b/union/lr1e-5_seed2 (train_state.json의 stop_reason이 비어 있으면 RESUME=1로 이어서 제출)
