==========================================
SLURM_JOB_ID = 916497
SLURM_NODELIST = gpu54
==========================================
[2026-09-27 21:14:39] job 916497 on gpu54 partition=amd_h200nv_8 GPU=1 tasks=1 commit=d3135d0 python=/home01/r984a02/.conda/envs/phdq_bart/bin/python3
index, name, memory.total [MiB], driver_version
0, NVIDIA H200, 143771 MiB, 580.105.08
[rank: 0] Seed set to 2
[2026-09-27 21:16:16] 데이터 인코딩 9.4s: train 76692 val 16434 test 16434
[2026-09-27 21:16:31] 누설 검사: ok=True {'first': {'pos': 25, 'max_diff_before_pos': 0.0, 'max_diff_at_pos': 19.15501594543457, 'ok': True}, 'middle': {'pos': 28, 'max_diff_before_pos': 0.0, 'max_diff_at_pos': 15.206708908081055, 'ok': True}, 'loss_tokens_example0': 7, 'loss_starts_after_prompt': True, 'ok': True}
Using bfloat16 Automatic Mixed Precision (AMP)
GPU available: True (cuda), used: True
TPU available: False, using: 0 TPU cores
💡 Tip: For seamless cloud logging and experiment tracking, try installing [litlogger](https://pypi.org/project/litlogger/) to enable LitLogger, which logs metrics and artifacts automatically to the Lightning Experiments platform.
[2026-09-27 21:16:31] 학습 시작 run_dir=/scratch/r984a02/phdq_bart/26-13_PHDQ_BART/neuron_outputs/kanana-1.5-2.1b/lang8/lr1e-5_seed2 accum=4 resume=None
LOCAL_RANK: 0 - CUDA_VISIBLE_DEVICES: [0]
Loading `train_dataloader` to estimate number of stepping batches.
/home01/r984a02/.conda/envs/phdq_bart/lib/python3.12/site-packages/pytorch_lightning/utilities/_pytree.py:21: `isinstance(treespec, LeafSpec)` is deprecated, use `isinstance(treespec, TreeSpec) and treespec.is_leaf()` instead.
SLURM auto-requeueing enabled. Setting signal handlers.
/home01/r984a02/.conda/envs/phdq_bart/lib/python3.12/site-packages/pytorch_lightning/loops/fit_loop.py:538: Found 423 module(s) in eval mode at the start of training. This may lead to unexpected behavior during training. If this is intentional, you can ignore this warning.
[2026-09-27 21:16:32] 학습 모드 검사: {'time_kst': '2026-09-27 21:16:32', 'epoch': 0, 'model.training': True, 'dropout_modules_p>0': 0, 'dropout_modules_p>0_training': 0, 'ok': True}
[2026-09-27 21:16:45] epoch 0 step 1 batch 4/4794 loss 2.3738 lr 8.340e-09
[2026-09-27 21:18:54] epoch 0 step 100 batch 400/4794 loss 0.4976 lr 8.340e-07
[2026-09-27 21:19:51] epoch 0 step 200 batch 800/4794 loss 0.4653 lr 1.668e-06
[2026-09-27 21:20:48] epoch 0 step 300 batch 1200/4794 loss 0.4147 lr 2.502e-06
[2026-09-27 21:21:40] epoch 0 step 400 batch 1600/4794 loss 0.3908 lr 3.336e-06
[2026-09-27 21:22:29] epoch 0 step 500 batch 2000/4794 loss 0.5419 lr 4.170e-06
[2026-09-27 21:23:25] epoch 0 step 600 batch 2400/4794 loss 0.5297 lr 5.004e-06
[2026-09-27 21:24:13] epoch 0 step 700 batch 2800/4794 loss 0.4241 lr 5.838e-06
[2026-09-27 21:25:02] epoch 0 step 800 batch 3200/4794 loss 0.4444 lr 6.672e-06
[2026-09-27 21:25:51] epoch 0 step 900 batch 3600/4794 loss 0.5292 lr 7.506e-06
[2026-09-27 21:26:40] epoch 0 step 1000 batch 4000/4794 loss 0.5215 lr 8.340e-06
[2026-09-27 21:27:31] epoch 0 step 1100 batch 4400/4794 loss 0.4162 lr 9.174e-06
[2026-09-27 21:34:11] EPOCH 0 val_loss 0.4837 val_GLEU 37.10 (best 37.10 @ 0, es_ref 37.10 wait 0) train 11.8m val 5.9m mem [58.65]GB stop=-
[2026-09-27 21:34:11] epoch 1 step 1200 batch 4/4794 loss 0.3488 lr 1.000e-05
[2026-09-27 21:34:58] epoch 1 step 1300 batch 404/4794 loss 0.3409 lr 9.998e-06
[2026-09-27 21:35:45] epoch 1 step 1400 batch 804/4794 loss 0.3728 lr 9.991e-06
[2026-09-27 21:36:31] epoch 1 step 1500 batch 1204/4794 loss 0.3512 lr 9.981e-06
[2026-09-27 21:37:17] epoch 1 step 1600 batch 1604/4794 loss 0.3294 lr 9.966e-06
[2026-09-27 21:38:03] epoch 1 step 1700 batch 2004/4794 loss 0.3761 lr 9.947e-06
[2026-09-27 21:38:50] epoch 1 step 1800 batch 2404/4794 loss 0.3659 lr 9.924e-06
[2026-09-27 21:39:37] epoch 1 step 1900 batch 2804/4794 loss 0.3107 lr 9.896e-06
[2026-09-27 21:40:23] epoch 1 step 2000 batch 3204/4794 loss 0.3839 lr 9.865e-06
[2026-09-27 21:41:11] epoch 1 step 2100 batch 3604/4794 loss 0.3679 lr 9.829e-06
[2026-09-27 21:41:58] epoch 1 step 2200 batch 4004/4794 loss 0.3654 lr 9.789e-06
[2026-09-27 21:42:45] epoch 1 step 2300 batch 4404/4794 loss 0.2825 lr 9.745e-06
[2026-09-27 21:47:13] EPOCH 1 val_loss 0.4839 val_GLEU 38.63 (best 38.63 @ 1, es_ref 38.63 wait 0) train 9.3m val 3.7m mem [58.65]GB stop=-
[2026-09-27 21:47:14] epoch 2 step 2400 batch 8/4794 loss 0.1679 lr 9.697e-06
[2026-09-27 21:48:00] epoch 2 step 2500 batch 408/4794 loss 0.1764 lr 9.646e-06
[2026-09-27 21:48:47] epoch 2 step 2600 batch 808/4794 loss 0.1215 lr 9.590e-06
[2026-09-27 21:49:34] epoch 2 step 2700 batch 1208/4794 loss 0.2002 lr 9.530e-06
[2026-09-27 21:50:20] epoch 2 step 2800 batch 1608/4794 loss 0.2004 lr 9.467e-06
[2026-09-27 21:51:06] epoch 2 step 2900 batch 2008/4794 loss 0.1843 lr 9.399e-06
[2026-09-27 21:51:52] epoch 2 step 3000 batch 2408/4794 loss 0.2194 lr 9.328e-06
[2026-09-27 21:52:38] epoch 2 step 3100 batch 2808/4794 loss 0.1964 lr 9.254e-06
[2026-09-27 21:53:24] epoch 2 step 3200 batch 3208/4794 loss 0.2297 lr 9.175e-06
[2026-09-27 21:54:11] epoch 2 step 3300 batch 3608/4794 loss 0.2161 lr 9.093e-06
[2026-09-27 21:54:57] epoch 2 step 3400 batch 4008/4794 loss 0.2208 lr 9.008e-06
[2026-09-27 21:55:44] epoch 2 step 3500 batch 4408/4794 loss 0.2484 lr 8.919e-06
[2026-09-27 21:59:55] EPOCH 2 val_loss 0.5526 val_GLEU 38.26 (best 38.63 @ 1, es_ref 38.63 wait 1) train 9.3m val 3.4m mem [58.65]GB stop=-
[2026-09-27 21:59:56] epoch 3 step 3600 batch 12/4794 loss 0.0816 lr 8.827e-06
[2026-09-27 22:00:43] epoch 3 step 3700 batch 412/4794 loss 0.1349 lr 8.732e-06
[2026-09-27 22:01:29] epoch 3 step 3800 batch 812/4794 loss 0.1055 lr 8.634e-06
[2026-09-27 22:02:14] epoch 3 step 3900 batch 1212/4794 loss 0.1321 lr 8.532e-06
[2026-09-27 22:03:01] epoch 3 step 4000 batch 1612/4794 loss 0.1703 lr 8.428e-06
[2026-09-27 22:03:47] epoch 3 step 4100 batch 2012/4794 loss 0.1454 lr 8.320e-06
[2026-09-27 22:04:34] epoch 3 step 4200 batch 2412/4794 loss 0.1301 lr 8.210e-06
[2026-09-27 22:05:20] epoch 3 step 4300 batch 2812/4794 loss 0.1513 lr 8.097e-06
[2026-09-27 22:06:07] epoch 3 step 4400 batch 3212/4794 loss 0.1245 lr 7.982e-06
[2026-09-27 22:06:53] epoch 3 step 4500 batch 3612/4794 loss 0.1851 lr 7.863e-06
[2026-09-27 22:07:40] epoch 3 step 4600 batch 4012/4794 loss 0.1726 lr 7.743e-06
[2026-09-27 22:08:26] epoch 3 step 4700 batch 4412/4794 loss 0.1570 lr 7.620e-06
[2026-09-27 22:12:42] EPOCH 3 val_loss 0.6220 val_GLEU 37.74 (best 38.63 @ 1, es_ref 38.63 wait 2) train 9.3m val 3.5m mem [58.65]GB stop=-
[2026-09-27 22:12:44] epoch 4 step 4800 batch 16/4794 loss 0.0624 lr 7.495e-06
[2026-09-27 22:13:30] epoch 4 step 4900 batch 416/4794 loss 0.0471 lr 7.368e-06
[2026-09-27 22:14:15] epoch 4 step 5000 batch 816/4794 loss 0.0669 lr 7.239e-06
[2026-09-27 22:15:02] epoch 4 step 5100 batch 1216/4794 loss 0.0811 lr 7.107e-06
[2026-09-27 22:15:48] epoch 4 step 5200 batch 1616/4794 loss 0.0666 lr 6.975e-06
[2026-09-27 22:16:35] epoch 4 step 5300 batch 2016/4794 loss 0.1003 lr 6.840e-06
[2026-09-27 22:17:22] epoch 4 step 5400 batch 2416/4794 loss 0.0564 lr 6.704e-06
[2026-09-27 22:18:07] epoch 4 step 5500 batch 2816/4794 loss 0.1043 lr 6.566e-06
[2026-09-27 22:18:54] epoch 4 step 5600 batch 3216/4794 loss 0.0867 lr 6.428e-06
[2026-09-27 22:19:42] epoch 4 step 5700 batch 3616/4794 loss 0.0678 lr 6.287e-06
[2026-09-27 22:20:28] epoch 4 step 5800 batch 4016/4794 loss 0.1047 lr 6.146e-06
[2026-09-27 22:21:14] epoch 4 step 5900 batch 4416/4794 loss 0.1023 lr 6.004e-06
[2026-09-27 22:25:41] EPOCH 4 val_loss 0.7195 val_GLEU 37.54 (best 38.63 @ 1, es_ref 38.63 wait 3) train 9.6m val 3.4m mem [58.65]GB stop=early_stop
[2026-09-27 22:26:37] 학습 종료: {'best_gleu': 38.6254, 'best_epoch': 1, 'es_ref': 38.6254, 'es_ref_epoch': 1, 'wait': 3, 'stop_reason': 'early_stop', 'epochs_done': 5}
Loading checkpoint shards:   0%|          | 0/2 [00:00<?, ?it/s]Loading checkpoint shards:  50%|█████     | 1/2 [00:00<00:00,  3.79it/s]Loading checkpoint shards: 100%|██████████| 2/2 [00:00<00:00,  7.46it/s]
Using bfloat16 Automatic Mixed Precision (AMP)
GPU available: True (cuda), used: True
TPU available: False, using: 0 TPU cores
💡 Tip: For seamless cloud logging and experiment tracking, try installing [litlogger](https://pypi.org/project/litlogger/) to enable LitLogger, which logs metrics and artifacts automatically to the Lightning Experiments platform.
💡 Tip: For seamless cloud uploads and versioning, try installing [litmodels](https://pypi.org/project/litmodels/) to enable LitModelCheckpoint, which syncs automatically with the Lightning model registry.
LOCAL_RANK: 0 - CUDA_VISIBLE_DEVICES: [0]
SLURM auto-requeueing enabled. Setting signal handlers.
[2026-09-27 22:30:26] TEST GLEU 39.14 P 52.72 R 31.49 F0.5 46.46 (88.08 문장/초, 186.6s)
batch script for job 916497 written to /scratch/r984a02/phdq_bart/26-13_PHDQ_BART/neuron_outputs/kanana-1.5-2.1b/lang8/lr1e-5_seed2/slurm/job_916497.sbatch
== 작업 종료: /scratch/r984a02/phdq_bart/26-13_PHDQ_BART/neuron_outputs/kanana-1.5-2.1b/lang8/lr1e-5_seed2 (train_state.json의 stop_reason이 비어 있으면 RESUME=1로 이어서 제출)
