==========================================
SLURM_JOB_ID = 916764
SLURM_NODELIST = gpu55
==========================================
[2026-09-28 06:08:21] job 916764 on gpu55 partition=amd_h200nv_8 GPU=1 tasks=1 commit=d3135d0 python=/home01/r984a02/.conda/envs/phdq_bart/bin/python3
index, name, memory.total [MiB], driver_version
0, NVIDIA H200, 143771 MiB, 580.105.08
[rank: 0] Seed set to 1
Loading checkpoint shards:   0%|          | 0/2 [00:00<?, ?it/s]Loading checkpoint shards:  50%|█████     | 1/2 [00:02<00:02,  2.67s/it]Loading checkpoint shards: 100%|██████████| 2/2 [00:05<00:00,  2.93s/it]Loading checkpoint shards: 100%|██████████| 2/2 [00:05<00:00,  2.89s/it]
[2026-09-28 06:12:29] 데이터 인코딩 9.3s: train 76692 val 16434 test 16434
[2026-09-28 06:12:47] 누설 검사: ok=True {'first': {'pos': 25, 'max_diff_before_pos': 0.0, 'max_diff_at_pos': 11.2536039352417, 'ok': True}, 'middle': {'pos': 28, 'max_diff_before_pos': 0.0, 'max_diff_at_pos': 13.701339721679688, 'ok': True}, 'loss_tokens_example0': 7, 'loss_starts_after_prompt': True, 'ok': True}
Using bfloat16 Automatic Mixed Precision (AMP)
GPU available: True (cuda), used: True
TPU available: False, using: 0 TPU cores
💡 Tip: For seamless cloud logging and experiment tracking, try installing [litlogger](https://pypi.org/project/litlogger/) to enable LitLogger, which logs metrics and artifacts automatically to the Lightning Experiments platform.
[2026-09-28 06:12:47] 학습 시작 run_dir=/scratch/r984a02/phdq_bart/26-13_PHDQ_BART/neuron_outputs/kanana-1.5-2.1b/lang8/s2_lr1e-5_seed1 accum=4 resume=None
LOCAL_RANK: 0 - CUDA_VISIBLE_DEVICES: [0]
Loading `train_dataloader` to estimate number of stepping batches.
/home01/r984a02/.conda/envs/phdq_bart/lib/python3.12/site-packages/pytorch_lightning/utilities/_pytree.py:21: `isinstance(treespec, LeafSpec)` is deprecated, use `isinstance(treespec, TreeSpec) and treespec.is_leaf()` instead.
SLURM auto-requeueing enabled. Setting signal handlers.
/home01/r984a02/.conda/envs/phdq_bart/lib/python3.12/site-packages/pytorch_lightning/loops/fit_loop.py:538: Found 423 module(s) in eval mode at the start of training. This may lead to unexpected behavior during training. If this is intentional, you can ignore this warning.
[2026-09-28 06:12:48] 학습 모드 검사: {'time_kst': '2026-09-28 06:12:48', 'epoch': 0, 'model.training': True, 'dropout_modules_p>0': 0, 'dropout_modules_p>0_training': 0, 'ok': True}
[2026-09-28 06:13:15] epoch 0 step 1 batch 4/4794 loss 0.1733 lr 2.780e-09
[2026-09-28 06:15:24] epoch 0 step 100 batch 400/4794 loss 0.1623 lr 2.780e-07
[2026-09-28 06:16:22] epoch 0 step 200 batch 800/4794 loss 0.1396 lr 5.560e-07
[2026-09-28 06:17:20] epoch 0 step 300 batch 1200/4794 loss 0.2064 lr 8.340e-07
[2026-09-28 06:18:16] epoch 0 step 400 batch 1600/4794 loss 0.1275 lr 1.112e-06
[2026-09-28 06:19:07] epoch 0 step 500 batch 2000/4794 loss 0.1669 lr 1.390e-06
[2026-09-28 06:19:55] epoch 0 step 600 batch 2400/4794 loss 0.1488 lr 1.668e-06
[2026-09-28 06:20:44] epoch 0 step 700 batch 2800/4794 loss 0.1595 lr 1.946e-06
[2026-09-28 06:21:30] epoch 0 step 800 batch 3200/4794 loss 0.1368 lr 2.224e-06
[2026-09-28 06:22:20] epoch 0 step 900 batch 3600/4794 loss 0.1548 lr 2.502e-06
[2026-09-28 06:23:07] epoch 0 step 1000 batch 4000/4794 loss 0.1697 lr 2.780e-06
[2026-09-28 06:23:57] epoch 0 step 1100 batch 4400/4794 loss 0.1271 lr 3.058e-06
[2026-09-28 06:30:34] EPOCH 0 val_loss 0.5410 val_GLEU 39.46 (best 39.46 @ 0, es_ref 39.46 wait 0) train 11.9m val 5.8m mem [58.65]GB stop=-
[2026-09-28 06:30:35] epoch 1 step 1200 batch 4/4794 loss 0.1132 lr 3.333e-06
[2026-09-28 06:31:22] epoch 1 step 1300 batch 404/4794 loss 0.1152 lr 3.333e-06
[2026-09-28 06:32:07] epoch 1 step 1400 batch 804/4794 loss 0.0807 lr 3.330e-06
[2026-09-28 06:32:53] epoch 1 step 1500 batch 1204/4794 loss 0.0965 lr 3.327e-06
[2026-09-28 06:33:38] epoch 1 step 1600 batch 1604/4794 loss 0.1048 lr 3.322e-06
[2026-09-28 06:34:24] epoch 1 step 1700 batch 2004/4794 loss 0.1228 lr 3.316e-06
[2026-09-28 06:35:10] epoch 1 step 1800 batch 2404/4794 loss 0.0866 lr 3.308e-06
[2026-09-28 06:35:56] epoch 1 step 1900 batch 2804/4794 loss 0.1132 lr 3.299e-06
[2026-09-28 06:36:42] epoch 1 step 2000 batch 3204/4794 loss 0.1271 lr 3.288e-06
[2026-09-28 06:37:28] epoch 1 step 2100 batch 3604/4794 loss 0.1203 lr 3.276e-06
[2026-09-28 06:38:15] epoch 1 step 2200 batch 4004/4794 loss 0.1002 lr 3.263e-06
[2026-09-28 06:39:01] epoch 1 step 2300 batch 4404/4794 loss 0.1339 lr 3.248e-06
[2026-09-28 06:43:07] EPOCH 1 val_loss 0.5654 val_GLEU 38.69 (best 39.46 @ 0, es_ref 39.46 wait 1) train 9.2m val 3.3m mem [58.65]GB stop=-
[2026-09-28 06:43:08] epoch 2 step 2400 batch 8/4794 loss 0.0634 lr 3.232e-06
[2026-09-28 06:43:54] epoch 2 step 2500 batch 408/4794 loss 0.0595 lr 3.215e-06
[2026-09-28 06:44:41] epoch 2 step 2600 batch 808/4794 loss 0.0489 lr 3.197e-06
[2026-09-28 06:45:27] epoch 2 step 2700 batch 1208/4794 loss 0.0567 lr 3.177e-06
[2026-09-28 06:46:13] epoch 2 step 2800 batch 1608/4794 loss 0.0749 lr 3.156e-06
[2026-09-28 06:46:59] epoch 2 step 2900 batch 2008/4794 loss 0.0880 lr 3.133e-06
[2026-09-28 06:47:45] epoch 2 step 3000 batch 2408/4794 loss 0.0478 lr 3.109e-06
[2026-09-28 06:48:30] epoch 2 step 3100 batch 2808/4794 loss 0.0695 lr 3.085e-06
[2026-09-28 06:49:16] epoch 2 step 3200 batch 3208/4794 loss 0.0793 lr 3.058e-06
[2026-09-28 06:50:02] epoch 2 step 3300 batch 3608/4794 loss 0.0605 lr 3.031e-06
[2026-09-28 06:50:47] epoch 2 step 3400 batch 4008/4794 loss 0.0823 lr 3.003e-06
[2026-09-28 06:51:34] epoch 2 step 3500 batch 4408/4794 loss 0.0820 lr 2.973e-06
[2026-09-28 06:55:42] EPOCH 2 val_loss 0.6460 val_GLEU 38.18 (best 39.46 @ 0, es_ref 39.46 wait 2) train 9.2m val 3.4m mem [58.65]GB stop=-
[2026-09-28 06:55:43] epoch 3 step 3600 batch 12/4794 loss 0.0408 lr 2.942e-06
[2026-09-28 06:56:30] epoch 3 step 3700 batch 412/4794 loss 0.0175 lr 2.911e-06
[2026-09-28 06:57:15] epoch 3 step 3800 batch 812/4794 loss 0.0499 lr 2.878e-06
[2026-09-28 06:58:02] epoch 3 step 3900 batch 1212/4794 loss 0.0360 lr 2.844e-06
[2026-09-28 06:58:49] epoch 3 step 4000 batch 1612/4794 loss 0.0452 lr 2.809e-06
[2026-09-28 06:59:34] epoch 3 step 4100 batch 2012/4794 loss 0.0608 lr 2.773e-06
[2026-09-28 07:00:20] epoch 3 step 4200 batch 2412/4794 loss 0.0391 lr 2.737e-06
[2026-09-28 07:01:06] epoch 3 step 4300 batch 2812/4794 loss 0.0543 lr 2.699e-06
[2026-09-28 07:01:53] epoch 3 step 4400 batch 3212/4794 loss 0.0495 lr 2.660e-06
[2026-09-28 07:02:38] epoch 3 step 4500 batch 3612/4794 loss 0.0461 lr 2.621e-06
[2026-09-28 07:03:24] epoch 3 step 4600 batch 4012/4794 loss 0.0536 lr 2.581e-06
[2026-09-28 07:04:09] epoch 3 step 4700 batch 4412/4794 loss 0.0556 lr 2.540e-06
[2026-09-28 07:08:17] EPOCH 3 val_loss 0.7746 val_GLEU 38.30 (best 39.46 @ 0, es_ref 39.46 wait 3) train 9.2m val 3.4m mem [58.65]GB stop=early_stop
[2026-09-28 07:09:31] 학습 종료: {'best_gleu': 39.4645, 'best_epoch': 0, 'es_ref': 39.4645, 'es_ref_epoch': 0, 'wait': 3, 'stop_reason': 'early_stop', 'epochs_done': 4}
Loading checkpoint shards:   0%|          | 0/2 [00:00<?, ?it/s]Loading checkpoint shards: 100%|██████████| 2/2 [00:00<00:00, 190.47it/s]
Using bfloat16 Automatic Mixed Precision (AMP)
GPU available: True (cuda), used: True
TPU available: False, using: 0 TPU cores
💡 Tip: For seamless cloud logging and experiment tracking, try installing [litlogger](https://pypi.org/project/litlogger/) to enable LitLogger, which logs metrics and artifacts automatically to the Lightning Experiments platform.
💡 Tip: For seamless cloud uploads and versioning, try installing [litmodels](https://pypi.org/project/litmodels/) to enable LitModelCheckpoint, which syncs automatically with the Lightning model registry.
LOCAL_RANK: 0 - CUDA_VISIBLE_DEVICES: [0]
SLURM auto-requeueing enabled. Setting signal handlers.
[2026-09-28 07:13:17] TEST GLEU 40.07 P 55.93 R 37.19 F0.5 50.81 (88.1 문장/초, 186.5s)
batch script for job 916764 written to /scratch/r984a02/phdq_bart/26-13_PHDQ_BART/neuron_outputs/kanana-1.5-2.1b/lang8/s2_lr1e-5_seed1/slurm/job_916764.sbatch
== 작업 종료: /scratch/r984a02/phdq_bart/26-13_PHDQ_BART/neuron_outputs/kanana-1.5-2.1b/lang8/s2_lr1e-5_seed1 (train_state.json의 stop_reason이 비어 있으면 RESUME=1로 이어서 제출)
