==========================================
SLURM_JOB_ID = 916464
SLURM_NODELIST = gpu54
==========================================
[2026-09-27 18:09:44] job 916464 on gpu54 partition=amd_h200nv_8 GPU=1 tasks=1 commit=d3135d0 python=/home01/r984a02/.conda/envs/phdq_bart/bin/python3
index, name, memory.total [MiB], driver_version
0, NVIDIA H200, 143771 MiB, 580.105.08
[rank: 0] Seed set to 0
Loading checkpoint shards:   0%|          | 0/2 [00:00<?, ?it/s]Loading checkpoint shards:  50%|█████     | 1/2 [00:03<00:03,  3.87s/it]Loading checkpoint shards: 100%|██████████| 2/2 [00:06<00:00,  3.35s/it]Loading checkpoint shards: 100%|██████████| 2/2 [00:06<00:00,  3.43s/it]
[2026-09-27 18:13:48] 데이터 인코딩 2.5s: train 19898 val 4264 test 4265
[2026-09-27 18:14:06] 누설 검사: ok=True {'first': {'pos': 26, 'max_diff_before_pos': 0.0, 'max_diff_at_pos': 10.8755464553833, 'ok': True}, 'middle': {'pos': 29, 'max_diff_before_pos': 0.0, 'max_diff_at_pos': 12.29594612121582, 'ok': True}, 'loss_tokens_example0': 7, 'loss_starts_after_prompt': True, 'ok': True}
Using bfloat16 Automatic Mixed Precision (AMP)
GPU available: True (cuda), used: True
TPU available: False, using: 0 TPU cores
💡 Tip: For seamless cloud logging and experiment tracking, try installing [litlogger](https://pypi.org/project/litlogger/) to enable LitLogger, which logs metrics and artifacts automatically to the Lightning Experiments platform.
[2026-09-27 18:14:06] 학습 시작 run_dir=/scratch/r984a02/phdq_bart/26-13_PHDQ_BART/neuron_outputs/kanana-1.5-2.1b/korean_learner/s2_lr1e-5_seed0 accum=4 resume=None
LOCAL_RANK: 0 - CUDA_VISIBLE_DEVICES: [0]
Loading `train_dataloader` to estimate number of stepping batches.
/home01/r984a02/.conda/envs/phdq_bart/lib/python3.12/site-packages/pytorch_lightning/utilities/_pytree.py:21: `isinstance(treespec, LeafSpec)` is deprecated, use `isinstance(treespec, TreeSpec) and treespec.is_leaf()` instead.
SLURM auto-requeueing enabled. Setting signal handlers.
/home01/r984a02/.conda/envs/phdq_bart/lib/python3.12/site-packages/pytorch_lightning/loops/fit_loop.py:538: Found 423 module(s) in eval mode at the start of training. This may lead to unexpected behavior during training. If this is intentional, you can ignore this warning.
[2026-09-27 18:14:07] 학습 모드 검사: {'time_kst': '2026-09-27 18:14:07', 'epoch': 0, 'model.training': True, 'dropout_modules_p>0': 0, 'dropout_modules_p>0_training': 0, 'ok': True}
[2026-09-27 18:14:30] epoch 0 step 1 batch 4/1244 loss 0.0440 lr 1.072e-08
[2026-09-27 18:16:56] epoch 0 step 100 batch 400/1244 loss 0.0302 lr 1.072e-06
[2026-09-27 18:18:06] epoch 0 step 200 batch 800/1244 loss 0.0377 lr 2.144e-06
[2026-09-27 18:19:05] epoch 0 step 300 batch 1200/1244 loss 0.0245 lr 3.215e-06
[2026-09-27 18:22:29] EPOCH 0 val_loss 0.3791 val_GLEU 58.44 (best 58.44 @ 0, es_ref 58.44 wait 0) train 5.1m val 3.2m mem [65.3]GB stop=-
[2026-09-27 18:23:12] epoch 1 step 400 batch 356/1244 loss 0.0095 lr 3.325e-06
[2026-09-27 18:24:02] epoch 1 step 500 batch 756/1244 loss 0.0051 lr 3.296e-06
[2026-09-27 18:24:52] epoch 1 step 600 batch 1156/1244 loss 0.0089 lr 3.246e-06
[2026-09-27 18:26:26] EPOCH 1 val_loss 0.4323 val_GLEU 58.87 (best 58.87 @ 1, es_ref 58.87 wait 0) train 2.6m val 1.4m mem [65.3]GB stop=-
[2026-09-27 18:27:05] epoch 2 step 700 batch 312/1244 loss 0.0024 lr 3.177e-06
[2026-09-27 18:27:54] epoch 2 step 800 batch 712/1244 loss 0.0025 lr 3.089e-06
[2026-09-27 18:28:43] epoch 2 step 900 batch 1112/1244 loss 0.0190 lr 2.982e-06
[2026-09-27 18:30:09] EPOCH 2 val_loss 0.4533 val_GLEU 58.07 (best 58.87 @ 1, es_ref 58.87 wait 1) train 2.6m val 1.2m mem [65.3]GB stop=-
[2026-09-27 18:30:42] epoch 3 step 1000 batch 268/1244 loss 0.0006 lr 2.859e-06
[2026-09-27 18:31:32] epoch 3 step 1100 batch 668/1244 loss 0.0094 lr 2.721e-06
[2026-09-27 18:32:21] epoch 3 step 1200 batch 1068/1244 loss 0.0004 lr 2.570e-06
[2026-09-27 18:33:53] EPOCH 3 val_loss 0.4748 val_GLEU 58.58 (best 58.87 @ 1, es_ref 58.87 wait 2) train 2.6m val 1.2m mem [65.3]GB stop=-
[2026-09-27 18:34:21] epoch 4 step 1300 batch 224/1244 loss 0.0078 lr 2.408e-06
[2026-09-27 18:35:10] epoch 4 step 1400 batch 624/1244 loss 0.0008 lr 2.236e-06
[2026-09-27 18:35:59] epoch 4 step 1500 batch 1024/1244 loss 0.0002 lr 2.057e-06
[2026-09-27 18:37:35] EPOCH 4 val_loss 0.5153 val_GLEU 58.51 (best 58.87 @ 1, es_ref 58.87 wait 3) train 2.6m val 1.1m mem [65.3]GB stop=early_stop
[2026-09-27 18:38:26] 학습 종료: {'best_gleu': 58.87050000000001, 'best_epoch': 1, 'es_ref': 58.87050000000001, 'es_ref_epoch': 1, 'wait': 3, 'stop_reason': 'early_stop', 'epochs_done': 5}
Loading checkpoint shards:   0%|          | 0/2 [00:00<?, ?it/s]Loading checkpoint shards: 100%|██████████| 2/2 [00:00<00:00, 208.74it/s]
Using bfloat16 Automatic Mixed Precision (AMP)
GPU available: True (cuda), used: True
TPU available: False, using: 0 TPU cores
💡 Tip: For seamless cloud logging and experiment tracking, try installing [litlogger](https://pypi.org/project/litlogger/) to enable LitLogger, which logs metrics and artifacts automatically to the Lightning Experiments platform.
💡 Tip: For seamless cloud uploads and versioning, try installing [litmodels](https://pypi.org/project/litmodels/) to enable LitModelCheckpoint, which syncs automatically with the Lightning model registry.
LOCAL_RANK: 0 - CUDA_VISIBLE_DEVICES: [0]
SLURM auto-requeueing enabled. Setting signal handlers.
[2026-09-27 18:39:55] TEST GLEU 59.07 P 63.55 R 46.65 F0.5 59.26 (62.26 문장/초, 68.5s)
batch script for job 916464 written to /scratch/r984a02/phdq_bart/26-13_PHDQ_BART/neuron_outputs/kanana-1.5-2.1b/korean_learner/s2_lr1e-5_seed0/slurm/job_916464.sbatch
== 작업 종료: /scratch/r984a02/phdq_bart/26-13_PHDQ_BART/neuron_outputs/kanana-1.5-2.1b/korean_learner/s2_lr1e-5_seed0 (train_state.json의 stop_reason이 비어 있으면 RESUME=1로 이어서 제출)
