==========================================
SLURM_JOB_ID = 916496
SLURM_NODELIST = gpu37
==========================================
[2026-09-27 21:21:41] job 916496 on gpu37 partition=amd_a100nv_8 GPU=2 tasks=2 commit=d3135d0 python=/home01/r984a02/.conda/envs/phdq_bart/bin/python3
index, name, memory.total [MiB], driver_version
0, NVIDIA A100-SXM4-80GB, 81920 MiB, 580.105.08
1, NVIDIA A100-SXM4-80GB, 81920 MiB, 580.105.08
[rank: 1] Seed set to 0
[rank: 0] Seed set to 0
Loading checkpoint shards:   0%|          | 0/2 [00:00<?, ?it/s]Loading checkpoint shards:  50%|█████     | 1/2 [00:02<00:02,  2.51s/it]Loading checkpoint shards: 100%|██████████| 2/2 [00:04<00:00,  2.14s/it]Loading checkpoint shards: 100%|██████████| 2/2 [00:04<00:00,  2.19s/it]
Loading checkpoint shards:   0%|          | 0/2 [00:00<?, ?it/s]Loading checkpoint shards:  50%|█████     | 1/2 [00:02<00:02,  2.53s/it]Loading checkpoint shards: 100%|██████████| 2/2 [00:04<00:00,  2.14s/it]Loading checkpoint shards: 100%|██████████| 2/2 [00:04<00:00,  2.20s/it]
[2026-09-27 21:24:12] 데이터 인코딩 11.5s: train 76692 val 16434 test 16434
Initializing distributed: GLOBAL_RANK: 1, MEMBER: 2/2
[2026-09-27 21:24:17] 누설 검사: ok=True {'first': {'pos': 25, 'max_diff_before_pos': 0.0, 'max_diff_at_pos': 14.041379928588867, 'ok': True}, 'middle': {'pos': 28, 'max_diff_before_pos': 0.0, 'max_diff_at_pos': 17.325349807739258, 'ok': True}, 'loss_tokens_example0': 7, 'loss_starts_after_prompt': True, 'ok': True}
Using bfloat16 Automatic Mixed Precision (AMP)
GPU available: True (cuda), used: True
TPU available: False, using: 0 TPU cores
💡 Tip: For seamless cloud logging and experiment tracking, try installing [litlogger](https://pypi.org/project/litlogger/) to enable LitLogger, which logs metrics and artifacts automatically to the Lightning Experiments platform.
[2026-09-27 21:24:17] 학습 시작 run_dir=/scratch/r984a02/phdq_bart/26-13_PHDQ_BART/neuron_outputs/kanana-1.5-2.1b/lang8/s2_lr1e-5_seed0 accum=2 resume=None
Initializing distributed: GLOBAL_RANK: 0, MEMBER: 1/2
----------------------------------------------------------------------------------------------------
distributed_backend=nccl
All distributed processes registered. Starting with 2 processes
----------------------------------------------------------------------------------------------------

LOCAL_RANK: 0 - CUDA_VISIBLE_DEVICES: [0,1]
LOCAL_RANK: 1 - CUDA_VISIBLE_DEVICES: [0,1]
Loading `train_dataloader` to estimate number of stepping batches.
/home01/r984a02/.conda/envs/phdq_bart/lib/python3.12/site-packages/pytorch_lightning/utilities/_pytree.py:21: `isinstance(treespec, LeafSpec)` is deprecated, use `isinstance(treespec, TreeSpec) and treespec.is_leaf()` instead.
/home01/r984a02/.conda/envs/phdq_bart/lib/python3.12/site-packages/pytorch_lightning/utilities/_pytree.py:21: `isinstance(treespec, LeafSpec)` is deprecated, use `isinstance(treespec, TreeSpec) and treespec.is_leaf()` instead.
SLURM auto-requeueing enabled. Setting signal handlers.
SLURM auto-requeueing enabled. Setting signal handlers.
/home01/r984a02/.conda/envs/phdq_bart/lib/python3.12/site-packages/pytorch_lightning/loops/fit_loop.py:538: Found 423 module(s) in eval mode at the start of training. This may lead to unexpected behavior during training. If this is intentional, you can ignore this warning.
[2026-09-27 21:24:19] 학습 모드 검사: {'time_kst': '2026-09-27 21:24:19', 'epoch': 0, 'model.training': True, 'dropout_modules_p>0': 0, 'dropout_modules_p>0_training': 0, 'ok': True}
/home01/r984a02/.conda/envs/phdq_bart/lib/python3.12/site-packages/torch/autograd/graph.py:869: UserWarning: The AccumulateGrad node's stream does not match the stream of the node that produced the incoming gradient. This may incur unnecessary synchronization and break CUDA graph capture if the AccumulateGrad node's stream is the default stream. This mismatch is caused by an AccumulateGrad node created prior to the current iteration being kept alive. This can happen if the autograd graph is still being kept alive by tensors such as the loss, or if you are using DDP, which will stash a reference to the node. To resolve the mismatch, delete all references to the autograd graph or ensure that DDP initialization is performed under the same stream as subsequent forwards. If the mismatch is intentional, you can use torch.autograd.graph.set_warn_on_accumulate_grad_stream_mismatch(False) to suppress this warning. (Triggered internally at /pytorch/torch/csrc/autograd/input_buffer.cpp:240.)
  return Variable._execution_engine.run_backward(  # Calls into the C++ engine to run the backward pass
/home01/r984a02/.conda/envs/phdq_bart/lib/python3.12/site-packages/torch/autograd/graph.py:869: UserWarning: The AccumulateGrad node's stream does not match the stream of the node that produced the incoming gradient. This may incur unnecessary synchronization and break CUDA graph capture if the AccumulateGrad node's stream is the default stream. This mismatch is caused by an AccumulateGrad node created prior to the current iteration being kept alive. This can happen if the autograd graph is still being kept alive by tensors such as the loss, or if you are using DDP, which will stash a reference to the node. To resolve the mismatch, delete all references to the autograd graph or ensure that DDP initialization is performed under the same stream as subsequent forwards. If the mismatch is intentional, you can use torch.autograd.graph.set_warn_on_accumulate_grad_stream_mismatch(False) to suppress this warning. (Triggered internally at /pytorch/torch/csrc/autograd/input_buffer.cpp:240.)
  return Variable._execution_engine.run_backward(  # Calls into the C++ engine to run the backward pass
[2026-09-27 21:24:20] epoch 0 step 1 batch 2/2397 loss 0.1241 lr 2.780e-09
[2026-09-27 21:25:24] epoch 0 step 100 batch 200/2397 loss 0.0884 lr 2.780e-07
[2026-09-27 21:26:27] epoch 0 step 200 batch 400/2397 loss 0.1117 lr 5.560e-07
[2026-09-27 21:27:31] epoch 0 step 300 batch 600/2397 loss 0.0829 lr 8.340e-07
[2026-09-27 21:28:34] epoch 0 step 400 batch 800/2397 loss 0.1012 lr 1.112e-06
[2026-09-27 21:29:38] epoch 0 step 500 batch 1000/2397 loss 0.1214 lr 1.390e-06
[2026-09-27 21:30:41] epoch 0 step 600 batch 1200/2397 loss 0.0981 lr 1.668e-06
[2026-09-27 21:31:45] epoch 0 step 700 batch 1400/2397 loss 0.0674 lr 1.946e-06
[2026-09-27 21:32:49] epoch 0 step 800 batch 1600/2397 loss 0.1349 lr 2.224e-06
[2026-09-27 21:33:51] epoch 0 step 900 batch 1800/2397 loss 0.0509 lr 2.502e-06
[2026-09-27 21:34:54] epoch 0 step 1000 batch 2000/2397 loss 0.1152 lr 2.780e-06
[2026-09-27 21:35:58] epoch 0 step 1100 batch 2200/2397 loss 0.0702 lr 3.058e-06
[2026-09-27 21:40:52] EPOCH 0 val_loss 0.6229 val_GLEU 38.69 (best 38.69 @ 0, es_ref 38.69 wait 0) train 12.7m val 3.9m mem [63.1, 66.03]GB stop=-
[2026-09-27 21:40:53] epoch 1 step 1200 batch 2/2397 loss 0.0547 lr 3.333e-06
[2026-09-27 21:41:56] epoch 1 step 1300 batch 202/2397 loss 0.0362 lr 3.333e-06
[2026-09-27 21:42:59] epoch 1 step 1400 batch 402/2397 loss 0.0530 lr 3.330e-06
[2026-09-27 21:44:02] epoch 1 step 1500 batch 602/2397 loss 0.0914 lr 3.327e-06
[2026-09-27 21:45:06] epoch 1 step 1600 batch 802/2397 loss 0.0321 lr 3.322e-06
[2026-09-27 21:46:10] epoch 1 step 1700 batch 1002/2397 loss 0.0697 lr 3.316e-06
[2026-09-27 21:47:13] epoch 1 step 1800 batch 1202/2397 loss 0.0788 lr 3.308e-06
[2026-09-27 21:48:17] epoch 1 step 1900 batch 1402/2397 loss 0.0564 lr 3.299e-06
[2026-09-27 21:49:19] epoch 1 step 2000 batch 1602/2397 loss 0.0579 lr 3.288e-06
[2026-09-27 21:50:22] epoch 1 step 2100 batch 1802/2397 loss 0.0640 lr 3.276e-06
[2026-09-27 21:51:26] epoch 1 step 2200 batch 2002/2397 loss 0.0873 lr 3.263e-06
[2026-09-27 21:52:30] epoch 1 step 2300 batch 2202/2397 loss 0.0868 lr 3.248e-06
[2026-09-27 21:57:11] EPOCH 1 val_loss 0.6677 val_GLEU 38.49 (best 38.69 @ 0, es_ref 38.69 wait 1) train 12.7m val 3.7m mem [64.08, 66.38]GB stop=-
[2026-09-27 21:57:13] epoch 2 step 2400 batch 4/2397 loss 0.0346 lr 3.232e-06
[2026-09-27 21:58:15] epoch 2 step 2500 batch 204/2397 loss 0.0236 lr 3.215e-06
[2026-09-27 21:59:19] epoch 2 step 2600 batch 404/2397 loss 0.0350 lr 3.197e-06
[2026-09-27 22:00:23] epoch 2 step 2700 batch 604/2397 loss 0.0322 lr 3.177e-06
[2026-09-27 22:01:26] epoch 2 step 2800 batch 804/2397 loss 0.0611 lr 3.156e-06
[2026-09-27 22:02:29] epoch 2 step 2900 batch 1004/2397 loss 0.0309 lr 3.133e-06
[2026-09-27 22:03:33] epoch 2 step 3000 batch 1204/2397 loss 0.0660 lr 3.109e-06
[2026-09-27 22:04:37] epoch 2 step 3100 batch 1404/2397 loss 0.0496 lr 3.085e-06
[2026-09-27 22:05:40] epoch 2 step 3200 batch 1604/2397 loss 0.0352 lr 3.058e-06
[2026-09-27 22:06:42] epoch 2 step 3300 batch 1804/2397 loss 0.0400 lr 3.031e-06
[2026-09-27 22:07:46] epoch 2 step 3400 batch 2004/2397 loss 0.0274 lr 3.003e-06
[2026-09-27 22:08:49] epoch 2 step 3500 batch 2204/2397 loss 0.0766 lr 2.973e-06
[2026-09-27 22:13:32] EPOCH 2 val_loss 0.7959 val_GLEU 38.06 (best 38.69 @ 0, es_ref 38.69 wait 2) train 12.7m val 3.7m mem [66.02, 64.08]GB stop=-
[2026-09-27 22:13:34] epoch 3 step 3600 batch 6/2397 loss 0.0159 lr 2.942e-06
[2026-09-27 22:14:38] epoch 3 step 3700 batch 206/2397 loss 0.0168 lr 2.911e-06
[2026-09-27 22:15:41] epoch 3 step 3800 batch 406/2397 loss 0.0292 lr 2.878e-06
[2026-09-27 22:16:46] epoch 3 step 3900 batch 606/2397 loss 0.0250 lr 2.844e-06
[2026-09-27 22:17:49] epoch 3 step 4000 batch 806/2397 loss 0.0345 lr 2.809e-06
[2026-09-27 22:18:54] epoch 3 step 4100 batch 1006/2397 loss 0.0465 lr 2.773e-06
[2026-09-27 22:19:56] epoch 3 step 4200 batch 1206/2397 loss 0.0567 lr 2.737e-06
[2026-09-27 22:21:01] epoch 3 step 4300 batch 1406/2397 loss 0.0311 lr 2.699e-06
[2026-09-27 22:22:04] epoch 3 step 4400 batch 1606/2397 loss 0.0630 lr 2.660e-06
[2026-09-27 22:23:08] epoch 3 step 4500 batch 1806/2397 loss 0.0260 lr 2.621e-06
[2026-09-27 22:24:11] epoch 3 step 4600 batch 2006/2397 loss 0.0309 lr 2.581e-06
[2026-09-27 22:25:14] epoch 3 step 4700 batch 2206/2397 loss 0.0346 lr 2.540e-06
[2026-09-27 22:30:00] EPOCH 3 val_loss 0.9019 val_GLEU 37.96 (best 38.69 @ 0, es_ref 38.69 wait 3) train 12.7m val 3.8m mem [66.38, 61.86]GB stop=early_stop
[2026-09-27 22:31:40] 학습 종료: {'best_gleu': 38.686, 'best_epoch': 0, 'es_ref': 38.686, 'es_ref_epoch': 0, 'wait': 3, 'stop_reason': 'early_stop', 'epochs_done': 4}
Loading checkpoint shards:   0%|          | 0/2 [00:00<?, ?it/s]Loading checkpoint shards:  50%|█████     | 1/2 [00:02<00:02,  2.64s/it]Loading checkpoint shards: 100%|██████████| 2/2 [00:02<00:00,  1.27s/it]Loading checkpoint shards: 100%|██████████| 2/2 [00:02<00:00,  1.47s/it]
Loading checkpoint shards:   0%|          | 0/2 [00:00<?, ?it/s]Loading checkpoint shards:  50%|█████     | 1/2 [00:02<00:02,  2.63s/it]Loading checkpoint shards: 100%|██████████| 2/2 [00:02<00:00,  1.27s/it]Loading checkpoint shards: 100%|██████████| 2/2 [00:02<00:00,  1.47s/it]
Using bfloat16 Automatic Mixed Precision (AMP)
GPU available: True (cuda), used: True
TPU available: False, using: 0 TPU cores
💡 Tip: For seamless cloud logging and experiment tracking, try installing [litlogger](https://pypi.org/project/litlogger/) to enable LitLogger, which logs metrics and artifacts automatically to the Lightning Experiments platform.
💡 Tip: For seamless cloud uploads and versioning, try installing [litmodels](https://pypi.org/project/litmodels/) to enable LitModelCheckpoint, which syncs automatically with the Lightning model registry.
LOCAL_RANK: 0 - CUDA_VISIBLE_DEVICES: [0,1]
LOCAL_RANK: 1 - CUDA_VISIBLE_DEVICES: [0,1]
SLURM auto-requeueing enabled. Setting signal handlers.
SLURM auto-requeueing enabled. Setting signal handlers.
/home01/r984a02/.conda/envs/phdq_bart/lib/python3.12/site-packages/pytorch_lightning/trainer/connectors/data_connector.py:217: Using `DistributedSampler` with the dataloaders. During `trainer.test()`, it is recommended to use `Trainer(devices=1, num_nodes=1)` to ensure each sample/batch gets evaluated exactly once. Otherwise, multi-device settings use `DistributedSampler` that replicates some samples to make sure all devices have same batch size in case of uneven inputs.
[2026-09-27 22:37:46] TEST GLEU 39.21 P 57.72 R 37.81 F0.5 52.22 (83.57 문장/초, 196.7s)
batch script for job 916496 written to /scratch/r984a02/phdq_bart/26-13_PHDQ_BART/neuron_outputs/kanana-1.5-2.1b/lang8/s2_lr1e-5_seed0/slurm/job_916496.sbatch
== 작업 종료: /scratch/r984a02/phdq_bart/26-13_PHDQ_BART/neuron_outputs/kanana-1.5-2.1b/lang8/s2_lr1e-5_seed0 (train_state.json의 stop_reason이 비어 있으면 RESUME=1로 이어서 제출)
