==========================================
SLURM_JOB_ID = 916205
SLURM_NODELIST = gpu40
==========================================
[2026-09-27 11:58:52] job 916205 on gpu40 partition=amd_a100nv_8 GPU=2 tasks=2 commit=5651329 python=/home01/r984a02/.conda/envs/phdq_bart/bin/python3
index, name, memory.total [MiB], driver_version
0, NVIDIA A100-SXM4-80GB, 81920 MiB, 580.105.08
1, NVIDIA A100-SXM4-80GB, 81920 MiB, 580.105.08
[rank: 1] Seed set to 0
[rank: 0] Seed set to 0
[2026-09-27 11:59:04] 데이터 인코딩 3.0s: train 19898 val 4264 test 4265
Initializing distributed: GLOBAL_RANK: 1, MEMBER: 2/2
[2026-09-27 11:59:08] 누설 검사: ok=True {'first': {'pos': 26, 'max_diff_before_pos': 0.0, 'max_diff_at_pos': 21.307254791259766, 'ok': True}, 'middle': {'pos': 29, 'max_diff_before_pos': 0.0, 'max_diff_at_pos': 14.940953254699707, 'ok': True}, 'loss_tokens_example0': 7, 'loss_starts_after_prompt': True, 'ok': True}
Using bfloat16 Automatic Mixed Precision (AMP)
GPU available: True (cuda), used: True
TPU available: False, using: 0 TPU cores
💡 Tip: For seamless cloud logging and experiment tracking, try installing [litlogger](https://pypi.org/project/litlogger/) to enable LitLogger, which logs metrics and artifacts automatically to the Lightning Experiments platform.
[2026-09-27 11:59:08] 학습 시작 run_dir=/scratch/r984a02/phdq_bart/26-13_PHDQ_BART/neuron_outputs/kanana-1.5-2.1b/korean_learner/lr3e-5_seed0 accum=2 resume=/scratch/r984a02/phdq_bart/26-13_PHDQ_BART/neuron_outputs/kanana-1.5-2.1b/korean_learner/lr3e-5_seed0/ckpt/last.ckpt
Initializing distributed: GLOBAL_RANK: 0, MEMBER: 1/2
----------------------------------------------------------------------------------------------------
distributed_backend=nccl
All distributed processes registered. Starting with 2 processes
----------------------------------------------------------------------------------------------------

Restoring states from the checkpoint path at /scratch/r984a02/phdq_bart/26-13_PHDQ_BART/neuron_outputs/kanana-1.5-2.1b/korean_learner/lr3e-5_seed0/ckpt/last.ckpt
LOCAL_RANK: 1 - CUDA_VISIBLE_DEVICES: [0,1]
LOCAL_RANK: 0 - CUDA_VISIBLE_DEVICES: [0,1]
Loading `train_dataloader` to estimate number of stepping batches.
/home01/r984a02/.conda/envs/phdq_bart/lib/python3.12/site-packages/pytorch_lightning/utilities/_pytree.py:21: `isinstance(treespec, LeafSpec)` is deprecated, use `isinstance(treespec, TreeSpec) and treespec.is_leaf()` instead.
/home01/r984a02/.conda/envs/phdq_bart/lib/python3.12/site-packages/pytorch_lightning/utilities/_pytree.py:21: `isinstance(treespec, LeafSpec)` is deprecated, use `isinstance(treespec, TreeSpec) and treespec.is_leaf()` instead.
Restored all states from the checkpoint at /scratch/r984a02/phdq_bart/26-13_PHDQ_BART/neuron_outputs/kanana-1.5-2.1b/korean_learner/lr3e-5_seed0/ckpt/last.ckpt
SLURM auto-requeueing enabled. Setting signal handlers.
SLURM auto-requeueing enabled. Setting signal handlers.
/home01/r984a02/.conda/envs/phdq_bart/lib/python3.12/site-packages/pytorch_lightning/loops/fit_loop.py:538: Found 423 module(s) in eval mode at the start of training. This may lead to unexpected behavior during training. If this is intentional, you can ignore this warning.
[2026-09-27 11:59:28] 학습 모드 검사: {'time_kst': '2026-09-27 11:59:28', 'epoch': 1, 'model.training': True, 'dropout_modules_p>0': 0, 'dropout_modules_p>0_training': 0, 'ok': True}
/home01/r984a02/.conda/envs/phdq_bart/lib/python3.12/site-packages/torch/autograd/graph.py:869: UserWarning: The AccumulateGrad node's stream does not match the stream of the node that produced the incoming gradient. This may incur unnecessary synchronization and break CUDA graph capture if the AccumulateGrad node's stream is the default stream. This mismatch is caused by an AccumulateGrad node created prior to the current iteration being kept alive. This can happen if the autograd graph is still being kept alive by tensors such as the loss, or if you are using DDP, which will stash a reference to the node. To resolve the mismatch, delete all references to the autograd graph or ensure that DDP initialization is performed under the same stream as subsequent forwards. If the mismatch is intentional, you can use torch.autograd.graph.set_warn_on_accumulate_grad_stream_mismatch(False) to suppress this warning. (Triggered internally at /pytorch/torch/csrc/autograd/input_buffer.cpp:240.)
  return Variable._execution_engine.run_backward(  # Calls into the C++ engine to run the backward pass
/home01/r984a02/.conda/envs/phdq_bart/lib/python3.12/site-packages/torch/autograd/graph.py:869: UserWarning: The AccumulateGrad node's stream does not match the stream of the node that produced the incoming gradient. This may incur unnecessary synchronization and break CUDA graph capture if the AccumulateGrad node's stream is the default stream. This mismatch is caused by an AccumulateGrad node created prior to the current iteration being kept alive. This can happen if the autograd graph is still being kept alive by tensors such as the loss, or if you are using DDP, which will stash a reference to the node. To resolve the mismatch, delete all references to the autograd graph or ensure that DDP initialization is performed under the same stream as subsequent forwards. If the mismatch is intentional, you can use torch.autograd.graph.set_warn_on_accumulate_grad_stream_mismatch(False) to suppress this warning. (Triggered internally at /pytorch/torch/csrc/autograd/input_buffer.cpp:240.)
  return Variable._execution_engine.run_backward(  # Calls into the C++ engine to run the backward pass
[2026-09-27 12:00:29] epoch 1 step 400 batch 178/622 loss 0.3024 lr 2.993e-05
[2026-09-27 12:01:39] epoch 1 step 500 batch 378/622 loss 0.1943 lr 2.966e-05
[2026-09-27 12:02:47] epoch 1 step 600 batch 578/622 loss 0.1190 lr 2.922e-05
[2026-09-27 12:04:34] EPOCH 1 val_loss 0.4244 val_GLEU 52.10 (best 52.10 @ 1, es_ref 52.10 wait 0) train 3.6m val 1.5m mem [68.33, 65.26]GB stop=-
[2026-09-27 12:05:27] epoch 2 step 700 batch 156/622 loss 0.1360 lr 2.859e-05
[2026-09-27 12:06:34] epoch 2 step 800 batch 356/622 loss 0.1940 lr 2.780e-05
[2026-09-27 12:07:42] epoch 2 step 900 batch 556/622 loss 0.1154 lr 2.684e-05
[2026-09-27 12:10:03] EPOCH 2 val_loss 0.3964 val_GLEU 53.93 (best 53.93 @ 2, es_ref 53.93 wait 0) train 3.5m val 2.0m mem [73.03, 66.38]GB stop=-
[2026-09-27 12:10:49] epoch 3 step 1000 batch 134/622 loss 0.0288 lr 2.573e-05
[2026-09-27 12:11:57] epoch 3 step 1100 batch 334/622 loss 0.0518 lr 2.449e-05
[2026-09-27 12:13:05] epoch 3 step 1200 batch 534/622 loss 0.0577 lr 2.313e-05
[2026-09-27 12:15:05] EPOCH 3 val_loss 0.4355 val_GLEU 53.47 (best 53.93 @ 2, es_ref 53.93 wait 1) train 3.5m val 1.5m mem [66.38, 66.11]GB stop=-
[2026-09-27 12:15:43] epoch 4 step 1300 batch 112/622 loss 0.0483 lr 2.167e-05
[2026-09-27 12:16:51] epoch 4 step 1400 batch 312/622 loss 0.0203 lr 2.012e-05
[2026-09-27 12:17:58] epoch 4 step 1500 batch 512/622 loss 0.0959 lr 1.851e-05
[2026-09-27 12:20:05] EPOCH 4 val_loss 0.4834 val_GLEU 53.45 (best 53.93 @ 2, es_ref 53.93 wait 2) train 3.5m val 1.5m mem [66.11, 68.24]GB stop=-
[2026-09-27 12:20:35] epoch 5 step 1600 batch 90/622 loss 0.0342 lr 1.686e-05
[2026-09-27 12:21:42] epoch 5 step 1700 batch 290/622 loss 0.0119 lr 1.518e-05
[2026-09-27 12:22:51] epoch 5 step 1800 batch 490/622 loss 0.0119 lr 1.350e-05
[2026-09-27 12:25:10] EPOCH 5 val_loss 0.5086 val_GLEU 54.29 (best 54.29 @ 5, es_ref 54.29 wait 0) train 3.5m val 1.6m mem [68.33, 61.95]GB stop=-
[2026-09-27 12:25:33] epoch 6 step 1900 batch 68/622 loss 0.0069 lr 1.183e-05
[2026-09-27 12:26:40] epoch 6 step 2000 batch 268/622 loss 0.0209 lr 1.021e-05
[2026-09-27 12:27:48] epoch 6 step 2100 batch 468/622 loss 0.0028 lr 8.649e-06
[2026-09-27 12:30:17] EPOCH 6 val_loss 0.5101 val_GLEU 54.83 (best 54.83 @ 6, es_ref 54.83 wait 0) train 3.5m val 1.6m mem [68.24, 66.11]GB stop=-
[2026-09-27 12:30:33] epoch 7 step 2200 batch 46/622 loss 0.0005 lr 7.167e-06
[2026-09-27 12:31:40] epoch 7 step 2300 batch 246/622 loss 0.0013 lr 5.784e-06
[2026-09-27 12:32:48] epoch 7 step 2400 batch 446/622 loss 0.0060 lr 4.516e-06
[2026-09-27 12:35:20] EPOCH 7 val_loss 0.5564 val_GLEU 55.06 (best 55.06 @ 7, es_ref 55.06 wait 0) train 3.5m val 1.5m mem [61.06, 73.03]GB stop=-
[2026-09-27 12:35:28] epoch 8 step 2500 batch 24/622 loss 0.0002 lr 3.381e-06
[2026-09-27 12:36:36] epoch 8 step 2600 batch 224/622 loss 0.0002 lr 2.391e-06
[2026-09-27 12:37:43] epoch 8 step 2700 batch 424/622 loss 0.0002 lr 1.560e-06
[2026-09-27 12:40:24] EPOCH 8 val_loss 0.5850 val_GLEU 55.24 (best 55.24 @ 8, es_ref 55.06 wait 1) train 3.5m val 1.5m mem [62.66, 68.33]GB stop=-
[2026-09-27 12:40:24] epoch 9 step 2800 batch 2/622 loss 0.0002 lr 8.989e-07
[2026-09-27 12:41:31] epoch 9 step 2900 batch 202/622 loss 0.0001 lr 4.147e-07
[2026-09-27 12:42:38] epoch 9 step 3000 batch 402/622 loss 0.0001 lr 1.142e-07
[2026-09-27 12:43:48] epoch 9 step 3100 batch 602/622 loss 0.0012 lr 9.448e-10
[2026-09-27 12:45:25] EPOCH 9 val_loss 0.5889 val_GLEU 55.27 (best 55.27 @ 9, es_ref 55.27 wait 0) train 3.5m val 1.5m mem [73.03, 68.33]GB stop=max_epochs
`Trainer.fit` stopped: `max_epochs=10` reached.
[2026-09-27 12:46:45] 학습 종료: {'best_gleu': 55.27419999999999, 'best_epoch': 9, 'es_ref': 55.27419999999999, 'es_ref_epoch': 9, 'wait': 0, 'stop_reason': 'max_epochs', 'epochs_done': 10}
Loading checkpoint shards:   0%|          | 0/2 [00:00<?, ?it/s]Loading checkpoint shards: 100%|██████████| 2/2 [00:00<00:00, 69.01it/s]
Using bfloat16 Automatic Mixed Precision (AMP)
GPU available: True (cuda), used: True
TPU available: False, using: 0 TPU cores
💡 Tip: For seamless cloud logging and experiment tracking, try installing [litlogger](https://pypi.org/project/litlogger/) to enable LitLogger, which logs metrics and artifacts automatically to the Lightning Experiments platform.
💡 Tip: For seamless cloud uploads and versioning, try installing [litmodels](https://pypi.org/project/litmodels/) to enable LitModelCheckpoint, which syncs automatically with the Lightning model registry.
Loading checkpoint shards:   0%|          | 0/2 [00:00<?, ?it/s]Loading checkpoint shards: 100%|██████████| 2/2 [00:00<00:00, 70.36it/s]
LOCAL_RANK: 0 - CUDA_VISIBLE_DEVICES: [0,1]
LOCAL_RANK: 1 - CUDA_VISIBLE_DEVICES: [0,1]
SLURM auto-requeueing enabled. Setting signal handlers.
SLURM auto-requeueing enabled. Setting signal handlers.
/home01/r984a02/.conda/envs/phdq_bart/lib/python3.12/site-packages/pytorch_lightning/trainer/connectors/data_connector.py:217: Using `DistributedSampler` with the dataloaders. During `trainer.test()`, it is recommended to use `Trainer(devices=1, num_nodes=1)` to ensure each sample/batch gets evaluated exactly once. Otherwise, multi-device settings use `DistributedSampler` that replicates some samples to make sure all devices have same batch size in case of uneven inputs.
[2026-09-27 12:48:15] TEST GLEU 54.62 P 65.32 R 41.68 F0.5 58.67 (59.18 문장/초, 72.1s)
batch script for job 916205 written to /scratch/r984a02/phdq_bart/26-13_PHDQ_BART/neuron_outputs/kanana-1.5-2.1b/korean_learner/lr3e-5_seed0/slurm/job_916205.sbatch
== 작업 종료: /scratch/r984a02/phdq_bart/26-13_PHDQ_BART/neuron_outputs/kanana-1.5-2.1b/korean_learner/lr3e-5_seed0 (train_state.json의 stop_reason이 비어 있으면 RESUME=1로 이어서 제출)
